stm32f103xx_spi_driver.c:14:6:SPI_delay	16	static
stm32f103xx_spi_driver.c:22:6:SPI_PeriClockControl	16	static
stm32f103xx_spi_driver.c:59:6:SPI_Init	24	static
stm32f103xx_spi_driver.c:125:6:SPI_DeInit	16	static
stm32f103xx_spi_driver.c:143:6:SPI_SendData	24	static
stm32f103xx_spi_driver.c:172:6:SPI_PeripheralControl	16	static
stm32f103xx_spi_driver.c:185:6:SPI_SSIConfig	16	static
stm32f103xx_spi_driver.c:198:6:SPI_SSOEConfig	16	static
stm32f103xx_spi_driver.c:210:9:SPI_GetFlagStatus	16	static
stm32f103xx_spi_driver.c:219:6:SPI_ReceiveData	24	static
stm32f103xx_spi_driver.c:252:6:SPI_IRQInterruptConfig	16	static
stm32f103xx_spi_driver.c:293:6:SPI_IRQPriorityConfig	24	static
stm32f103xx_spi_driver.c:307:9:SPI_SendDataIT	32	static
stm32f103xx_spi_driver.c:332:9:SPI_ReceiveDataIT	32	static
stm32f103xx_spi_driver.c:356:6:SPI_IRQHandling	24	static
stm32f103xx_spi_driver.c:391:13:spi_txe_interrupt_handle	16	static
stm32f103xx_spi_driver.c:420:13:spi_rxne_interrupt_handle	16	static
stm32f103xx_spi_driver.c:448:13:spi_ovr_err_interrupt_handle	24	static
stm32f103xx_spi_driver.c:462:6:SPI_ClearOVRFlag	24	static
stm32f103xx_spi_driver.c:471:6:SPI_CloseTransmission	16	static
stm32f103xx_spi_driver.c:481:6:SPI_CloseReception	16	static
stm32f103xx_spi_driver.c:490:13:SPI_Application_EventCallBack	16	static
