Archive member included to satisfy reference by file (symbol)

c:/st/stm32cubeide_1.8.0/stm32cubeide/plugins/com.st.stm32cube.ide.mcu.externaltools.gnu-tools-for-stm32.9-2020-q2-update.win32_2.0.0.202105311346/tools/bin/../lib/gcc/arm-none-eabi/9.3.1/../../../../arm-none-eabi/lib/thumb/v7-m/nofp\libc_nano.a(lib_a-errno.o)
                              ./Src/syscalls.o (__errno)
c:/st/stm32cubeide_1.8.0/stm32cubeide/plugins/com.st.stm32cube.ide.mcu.externaltools.gnu-tools-for-stm32.9-2020-q2-update.win32_2.0.0.202105311346/tools/bin/../lib/gcc/arm-none-eabi/9.3.1/../../../../arm-none-eabi/lib/thumb/v7-m/nofp\libc_nano.a(lib_a-exit.o)
                              c:/st/stm32cubeide_1.8.0/stm32cubeide/plugins/com.st.stm32cube.ide.mcu.externaltools.gnu-tools-for-stm32.9-2020-q2-update.win32_2.0.0.202105311346/tools/bin/../lib/gcc/arm-none-eabi/9.3.1/../../../../arm-none-eabi/lib/thumb/v7-m/nofp/crt0.o (exit)
c:/st/stm32cubeide_1.8.0/stm32cubeide/plugins/com.st.stm32cube.ide.mcu.externaltools.gnu-tools-for-stm32.9-2020-q2-update.win32_2.0.0.202105311346/tools/bin/../lib/gcc/arm-none-eabi/9.3.1/../../../../arm-none-eabi/lib/thumb/v7-m/nofp\libc_nano.a(lib_a-impure.o)
                              c:/st/stm32cubeide_1.8.0/stm32cubeide/plugins/com.st.stm32cube.ide.mcu.externaltools.gnu-tools-for-stm32.9-2020-q2-update.win32_2.0.0.202105311346/tools/bin/../lib/gcc/arm-none-eabi/9.3.1/../../../../arm-none-eabi/lib/thumb/v7-m/nofp\libc_nano.a(lib_a-exit.o) (_global_impure_ptr)
c:/st/stm32cubeide_1.8.0/stm32cubeide/plugins/com.st.stm32cube.ide.mcu.externaltools.gnu-tools-for-stm32.9-2020-q2-update.win32_2.0.0.202105311346/tools/bin/../lib/gcc/arm-none-eabi/9.3.1/../../../../arm-none-eabi/lib/thumb/v7-m/nofp\libc_nano.a(lib_a-init.o)
                              c:/st/stm32cubeide_1.8.0/stm32cubeide/plugins/com.st.stm32cube.ide.mcu.externaltools.gnu-tools-for-stm32.9-2020-q2-update.win32_2.0.0.202105311346/tools/bin/../lib/gcc/arm-none-eabi/9.3.1/../../../../arm-none-eabi/lib/thumb/v7-m/nofp/crt0.o (__libc_init_array)
c:/st/stm32cubeide_1.8.0/stm32cubeide/plugins/com.st.stm32cube.ide.mcu.externaltools.gnu-tools-for-stm32.9-2020-q2-update.win32_2.0.0.202105311346/tools/bin/../lib/gcc/arm-none-eabi/9.3.1/../../../../arm-none-eabi/lib/thumb/v7-m/nofp\libc_nano.a(lib_a-memset.o)
                              c:/st/stm32cubeide_1.8.0/stm32cubeide/plugins/com.st.stm32cube.ide.mcu.externaltools.gnu-tools-for-stm32.9-2020-q2-update.win32_2.0.0.202105311346/tools/bin/../lib/gcc/arm-none-eabi/9.3.1/../../../../arm-none-eabi/lib/thumb/v7-m/nofp/crt0.o (memset)
c:/st/stm32cubeide_1.8.0/stm32cubeide/plugins/com.st.stm32cube.ide.mcu.externaltools.gnu-tools-for-stm32.9-2020-q2-update.win32_2.0.0.202105311346/tools/bin/../lib/gcc/arm-none-eabi/9.3.1/../../../../arm-none-eabi/lib/thumb/v7-m/nofp\libc_nano.a(lib_a-strlen.o)
                              ./Src/012usart_case.o (strlen)

Allocating common symbols
Common symbol       size              file

USART3Handle        0x24              ./Src/012usart_case.o
rcv_buff            0x400             ./Src/012usart_case.o

Discarded input sections

 .text          0x0000000000000000        0x0 c:/st/stm32cubeide_1.8.0/stm32cubeide/plugins/com.st.stm32cube.ide.mcu.externaltools.gnu-tools-for-stm32.9-2020-q2-update.win32_2.0.0.202105311346/tools/bin/../lib/gcc/arm-none-eabi/9.3.1/thumb/v7-m/nofp/crti.o
 .data          0x0000000000000000        0x0 c:/st/stm32cubeide_1.8.0/stm32cubeide/plugins/com.st.stm32cube.ide.mcu.externaltools.gnu-tools-for-stm32.9-2020-q2-update.win32_2.0.0.202105311346/tools/bin/../lib/gcc/arm-none-eabi/9.3.1/thumb/v7-m/nofp/crti.o
 .bss           0x0000000000000000        0x0 c:/st/stm32cubeide_1.8.0/stm32cubeide/plugins/com.st.stm32cube.ide.mcu.externaltools.gnu-tools-for-stm32.9-2020-q2-update.win32_2.0.0.202105311346/tools/bin/../lib/gcc/arm-none-eabi/9.3.1/thumb/v7-m/nofp/crti.o
 .data          0x0000000000000000        0x4 c:/st/stm32cubeide_1.8.0/stm32cubeide/plugins/com.st.stm32cube.ide.mcu.externaltools.gnu-tools-for-stm32.9-2020-q2-update.win32_2.0.0.202105311346/tools/bin/../lib/gcc/arm-none-eabi/9.3.1/thumb/v7-m/nofp/crtbegin.o
 .text          0x0000000000000000       0x7c c:/st/stm32cubeide_1.8.0/stm32cubeide/plugins/com.st.stm32cube.ide.mcu.externaltools.gnu-tools-for-stm32.9-2020-q2-update.win32_2.0.0.202105311346/tools/bin/../lib/gcc/arm-none-eabi/9.3.1/../../../../arm-none-eabi/lib/thumb/v7-m/nofp/crt0.o
 .data          0x0000000000000000        0x0 c:/st/stm32cubeide_1.8.0/stm32cubeide/plugins/com.st.stm32cube.ide.mcu.externaltools.gnu-tools-for-stm32.9-2020-q2-update.win32_2.0.0.202105311346/tools/bin/../lib/gcc/arm-none-eabi/9.3.1/../../../../arm-none-eabi/lib/thumb/v7-m/nofp/crt0.o
 .bss           0x0000000000000000        0x0 c:/st/stm32cubeide_1.8.0/stm32cubeide/plugins/com.st.stm32cube.ide.mcu.externaltools.gnu-tools-for-stm32.9-2020-q2-update.win32_2.0.0.202105311346/tools/bin/../lib/gcc/arm-none-eabi/9.3.1/../../../../arm-none-eabi/lib/thumb/v7-m/nofp/crt0.o
 .ARM.extab     0x0000000000000000        0x0 c:/st/stm32cubeide_1.8.0/stm32cubeide/plugins/com.st.stm32cube.ide.mcu.externaltools.gnu-tools-for-stm32.9-2020-q2-update.win32_2.0.0.202105311346/tools/bin/../lib/gcc/arm-none-eabi/9.3.1/../../../../arm-none-eabi/lib/thumb/v7-m/nofp/crt0.o
 .ARM.exidx     0x0000000000000000       0x10 c:/st/stm32cubeide_1.8.0/stm32cubeide/plugins/com.st.stm32cube.ide.mcu.externaltools.gnu-tools-for-stm32.9-2020-q2-update.win32_2.0.0.202105311346/tools/bin/../lib/gcc/arm-none-eabi/9.3.1/../../../../arm-none-eabi/lib/thumb/v7-m/nofp/crt0.o
 .ARM.attributes
                0x0000000000000000       0x1b c:/st/stm32cubeide_1.8.0/stm32cubeide/plugins/com.st.stm32cube.ide.mcu.externaltools.gnu-tools-for-stm32.9-2020-q2-update.win32_2.0.0.202105311346/tools/bin/../lib/gcc/arm-none-eabi/9.3.1/../../../../arm-none-eabi/lib/thumb/v7-m/nofp/crt0.o
 .group         0x0000000000000000        0xc ./Src/012usart_case.o
 .group         0x0000000000000000        0xc ./Src/012usart_case.o
 .group         0x0000000000000000        0xc ./Src/012usart_case.o
 .group         0x0000000000000000        0xc ./Src/012usart_case.o
 .group         0x0000000000000000        0xc ./Src/012usart_case.o
 .group         0x0000000000000000        0xc ./Src/012usart_case.o
 .group         0x0000000000000000        0xc ./Src/012usart_case.o
 .group         0x0000000000000000        0xc ./Src/012usart_case.o
 .group         0x0000000000000000        0xc ./Src/012usart_case.o
 .group         0x0000000000000000        0xc ./Src/012usart_case.o
 .group         0x0000000000000000        0xc ./Src/012usart_case.o
 .group         0x0000000000000000        0xc ./Src/012usart_case.o
 .group         0x0000000000000000        0xc ./Src/012usart_case.o
 .group         0x0000000000000000        0xc ./Src/012usart_case.o
 .group         0x0000000000000000        0xc ./Src/012usart_case.o
 .group         0x0000000000000000        0xc ./Src/012usart_case.o
 .group         0x0000000000000000        0xc ./Src/012usart_case.o
 .group         0x0000000000000000        0xc ./Src/012usart_case.o
 .group         0x0000000000000000        0xc ./Src/012usart_case.o
 .group         0x0000000000000000        0xc ./Src/012usart_case.o
 .group         0x0000000000000000        0xc ./Src/012usart_case.o
 .group         0x0000000000000000        0xc ./Src/012usart_case.o
 .group         0x0000000000000000        0xc ./Src/012usart_case.o
 .group         0x0000000000000000        0xc ./Src/012usart_case.o
 .group         0x0000000000000000        0xc ./Src/012usart_case.o
 .group         0x0000000000000000        0xc ./Src/012usart_case.o
 .group         0x0000000000000000        0xc ./Src/012usart_case.o
 .group         0x0000000000000000        0xc ./Src/012usart_case.o
 .group         0x0000000000000000        0xc ./Src/012usart_case.o
 .group         0x0000000000000000        0xc ./Src/012usart_case.o
 .group         0x0000000000000000        0xc ./Src/012usart_case.o
 .group         0x0000000000000000        0xc ./Src/012usart_case.o
 .group         0x0000000000000000        0xc ./Src/012usart_case.o
 .group         0x0000000000000000        0xc ./Src/012usart_case.o
 .group         0x0000000000000000        0xc ./Src/012usart_case.o
 .group         0x0000000000000000        0xc ./Src/012usart_case.o
 .group         0x0000000000000000        0xc ./Src/012usart_case.o
 .group         0x0000000000000000        0xc ./Src/012usart_case.o
 .group         0x0000000000000000        0xc ./Src/012usart_case.o
 .group         0x0000000000000000        0xc ./Src/012usart_case.o
 .group         0x0000000000000000        0xc ./Src/012usart_case.o
 .group         0x0000000000000000        0xc ./Src/012usart_case.o
 .text          0x0000000000000000        0x0 ./Src/012usart_case.o
 .data          0x0000000000000000        0x0 ./Src/012usart_case.o
 .bss           0x0000000000000000        0x0 ./Src/012usart_case.o
 .text.delay    0x0000000000000000       0x2c ./Src/012usart_case.o
 .group         0x0000000000000000        0xc ./Src/syscalls.o
 .group         0x0000000000000000        0xc ./Src/syscalls.o
 .group         0x0000000000000000        0xc ./Src/syscalls.o
 .group         0x0000000000000000        0xc ./Src/syscalls.o
 .group         0x0000000000000000        0xc ./Src/syscalls.o
 .group         0x0000000000000000        0xc ./Src/syscalls.o
 .group         0x0000000000000000        0xc ./Src/syscalls.o
 .group         0x0000000000000000        0xc ./Src/syscalls.o
 .group         0x0000000000000000        0xc ./Src/syscalls.o
 .group         0x0000000000000000        0xc ./Src/syscalls.o
 .group         0x0000000000000000        0xc ./Src/syscalls.o
 .group         0x0000000000000000        0xc ./Src/syscalls.o
 .group         0x0000000000000000        0xc ./Src/syscalls.o
 .group         0x0000000000000000        0xc ./Src/syscalls.o
 .group         0x0000000000000000        0xc ./Src/syscalls.o
 .group         0x0000000000000000        0xc ./Src/syscalls.o
 .group         0x0000000000000000        0xc ./Src/syscalls.o
 .group         0x0000000000000000        0xc ./Src/syscalls.o
 .group         0x0000000000000000        0xc ./Src/syscalls.o
 .group         0x0000000000000000        0xc ./Src/syscalls.o
 .group         0x0000000000000000        0xc ./Src/syscalls.o
 .group         0x0000000000000000        0xc ./Src/syscalls.o
 .group         0x0000000000000000        0xc ./Src/syscalls.o
 .group         0x0000000000000000        0xc ./Src/syscalls.o
 .group         0x0000000000000000        0xc ./Src/syscalls.o
 .group         0x0000000000000000        0xc ./Src/syscalls.o
 .group         0x0000000000000000        0xc ./Src/syscalls.o
 .group         0x0000000000000000        0xc ./Src/syscalls.o
 .group         0x0000000000000000        0xc ./Src/syscalls.o
 .group         0x0000000000000000        0xc ./Src/syscalls.o
 .group         0x0000000000000000        0xc ./Src/syscalls.o
 .group         0x0000000000000000        0xc ./Src/syscalls.o
 .group         0x0000000000000000        0xc ./Src/syscalls.o
 .group         0x0000000000000000        0xc ./Src/syscalls.o
 .group         0x0000000000000000        0xc ./Src/syscalls.o
 .group         0x0000000000000000        0xc ./Src/syscalls.o
 .group         0x0000000000000000        0xc ./Src/syscalls.o
 .group         0x0000000000000000        0xc ./Src/syscalls.o
 .group         0x0000000000000000        0xc ./Src/syscalls.o
 .group         0x0000000000000000        0xc ./Src/syscalls.o
 .group         0x0000000000000000        0xc ./Src/syscalls.o
 .group         0x0000000000000000        0xc ./Src/syscalls.o
 .group         0x0000000000000000        0xc ./Src/syscalls.o
 .group         0x0000000000000000        0xc ./Src/syscalls.o
 .group         0x0000000000000000        0xc ./Src/syscalls.o
 .group         0x0000000000000000        0xc ./Src/syscalls.o
 .group         0x0000000000000000        0xc ./Src/syscalls.o
 .text          0x0000000000000000        0x0 ./Src/syscalls.o
 .data          0x0000000000000000        0x0 ./Src/syscalls.o
 .bss           0x0000000000000000        0x0 ./Src/syscalls.o
 .bss.__env     0x0000000000000000        0x4 ./Src/syscalls.o
 .data.environ  0x0000000000000000        0x4 ./Src/syscalls.o
 .text.initialise_monitor_handles
                0x0000000000000000        0xc ./Src/syscalls.o
 .text._getpid  0x0000000000000000        0xe ./Src/syscalls.o
 .text._kill    0x0000000000000000       0x20 ./Src/syscalls.o
 .text._exit    0x0000000000000000       0x14 ./Src/syscalls.o
 .text._read    0x0000000000000000       0x3a ./Src/syscalls.o
 .text._write   0x0000000000000000       0x38 ./Src/syscalls.o
 .text._close   0x0000000000000000       0x16 ./Src/syscalls.o
 .text._fstat   0x0000000000000000       0x1e ./Src/syscalls.o
 .text._isatty  0x0000000000000000       0x14 ./Src/syscalls.o
 .text._lseek   0x0000000000000000       0x18 ./Src/syscalls.o
 .text._open    0x0000000000000000       0x1a ./Src/syscalls.o
 .text._wait    0x0000000000000000       0x1e ./Src/syscalls.o
 .text._unlink  0x0000000000000000       0x1e ./Src/syscalls.o
 .text._times   0x0000000000000000       0x16 ./Src/syscalls.o
 .text._stat    0x0000000000000000       0x1e ./Src/syscalls.o
 .text._link    0x0000000000000000       0x20 ./Src/syscalls.o
 .text._fork    0x0000000000000000       0x16 ./Src/syscalls.o
 .text._execve  0x0000000000000000       0x22 ./Src/syscalls.o
 .debug_info    0x0000000000000000      0xfa8 ./Src/syscalls.o
 .debug_abbrev  0x0000000000000000      0x286 ./Src/syscalls.o
 .debug_aranges
                0x0000000000000000       0xa8 ./Src/syscalls.o
 .debug_ranges  0x0000000000000000       0x98 ./Src/syscalls.o
 .debug_macro   0x0000000000000000      0x24c ./Src/syscalls.o
 .debug_macro   0x0000000000000000      0xaa2 ./Src/syscalls.o
 .debug_macro   0x0000000000000000       0x22 ./Src/syscalls.o
 .debug_macro   0x0000000000000000       0x4c ./Src/syscalls.o
 .debug_macro   0x0000000000000000       0x18 ./Src/syscalls.o
 .debug_macro   0x0000000000000000       0x94 ./Src/syscalls.o
 .debug_macro   0x0000000000000000       0x3c ./Src/syscalls.o
 .debug_macro   0x0000000000000000       0x34 ./Src/syscalls.o
 .debug_macro   0x0000000000000000       0x57 ./Src/syscalls.o
 .debug_macro   0x0000000000000000      0x174 ./Src/syscalls.o
 .debug_macro   0x0000000000000000      0x339 ./Src/syscalls.o
 .debug_macro   0x0000000000000000       0x16 ./Src/syscalls.o
 .debug_macro   0x0000000000000000       0x43 ./Src/syscalls.o
 .debug_macro   0x0000000000000000       0x34 ./Src/syscalls.o
 .debug_macro   0x0000000000000000       0x10 ./Src/syscalls.o
 .debug_macro   0x0000000000000000       0x58 ./Src/syscalls.o
 .debug_macro   0x0000000000000000       0x71 ./Src/syscalls.o
 .debug_macro   0x0000000000000000       0x1c ./Src/syscalls.o
 .debug_macro   0x0000000000000000      0x12a ./Src/syscalls.o
 .debug_macro   0x0000000000000000       0x10 ./Src/syscalls.o
 .debug_macro   0x0000000000000000       0x35 ./Src/syscalls.o
 .debug_macro   0x0000000000000000       0x10 ./Src/syscalls.o
 .debug_macro   0x0000000000000000       0x10 ./Src/syscalls.o
 .debug_macro   0x0000000000000000       0x10 ./Src/syscalls.o
 .debug_macro   0x0000000000000000       0x6a ./Src/syscalls.o
 .debug_macro   0x0000000000000000       0x1c ./Src/syscalls.o
 .debug_macro   0x0000000000000000       0x52 ./Src/syscalls.o
 .debug_macro   0x0000000000000000       0x22 ./Src/syscalls.o
 .debug_macro   0x0000000000000000       0x10 ./Src/syscalls.o
 .debug_macro   0x0000000000000000       0x40 ./Src/syscalls.o
 .debug_macro   0x0000000000000000       0xd5 ./Src/syscalls.o
 .debug_macro   0x0000000000000000       0x1c ./Src/syscalls.o
 .debug_macro   0x0000000000000000       0x3d ./Src/syscalls.o
 .debug_macro   0x0000000000000000       0x35 ./Src/syscalls.o
 .debug_macro   0x0000000000000000      0x12c ./Src/syscalls.o
 .debug_macro   0x0000000000000000       0x16 ./Src/syscalls.o
 .debug_macro   0x0000000000000000       0x16 ./Src/syscalls.o
 .debug_macro   0x0000000000000000       0x29 ./Src/syscalls.o
 .debug_macro   0x0000000000000000       0x10 ./Src/syscalls.o
 .debug_macro   0x0000000000000000      0x241 ./Src/syscalls.o
 .debug_macro   0x0000000000000000       0x1c ./Src/syscalls.o
 .debug_macro   0x0000000000000000       0x10 ./Src/syscalls.o
 .debug_macro   0x0000000000000000       0x10 ./Src/syscalls.o
 .debug_macro   0x0000000000000000       0x16 ./Src/syscalls.o
 .debug_macro   0x0000000000000000      0x145 ./Src/syscalls.o
 .debug_macro   0x0000000000000000      0x189 ./Src/syscalls.o
 .debug_macro   0x0000000000000000       0x16 ./Src/syscalls.o
 .debug_macro   0x0000000000000000       0xce ./Src/syscalls.o
 .debug_line    0x0000000000000000      0x7fd ./Src/syscalls.o
 .debug_str     0x0000000000000000     0x8e94 ./Src/syscalls.o
 .comment       0x0000000000000000       0x54 ./Src/syscalls.o
 .debug_frame   0x0000000000000000      0x2ac ./Src/syscalls.o
 .ARM.attributes
                0x0000000000000000       0x2d ./Src/syscalls.o
 .group         0x0000000000000000        0xc ./Src/sysmem.o
 .group         0x0000000000000000        0xc ./Src/sysmem.o
 .group         0x0000000000000000        0xc ./Src/sysmem.o
 .group         0x0000000000000000        0xc ./Src/sysmem.o
 .group         0x0000000000000000        0xc ./Src/sysmem.o
 .group         0x0000000000000000        0xc ./Src/sysmem.o
 .group         0x0000000000000000        0xc ./Src/sysmem.o
 .group         0x0000000000000000        0xc ./Src/sysmem.o
 .group         0x0000000000000000        0xc ./Src/sysmem.o
 .group         0x0000000000000000        0xc ./Src/sysmem.o
 .group         0x0000000000000000        0xc ./Src/sysmem.o
 .group         0x0000000000000000        0xc ./Src/sysmem.o
 .group         0x0000000000000000        0xc ./Src/sysmem.o
 .group         0x0000000000000000        0xc ./Src/sysmem.o
 .group         0x0000000000000000        0xc ./Src/sysmem.o
 .group         0x0000000000000000        0xc ./Src/sysmem.o
 .group         0x0000000000000000        0xc ./Src/sysmem.o
 .group         0x0000000000000000        0xc ./Src/sysmem.o
 .group         0x0000000000000000        0xc ./Src/sysmem.o
 .group         0x0000000000000000        0xc ./Src/sysmem.o
 .group         0x0000000000000000        0xc ./Src/sysmem.o
 .group         0x0000000000000000        0xc ./Src/sysmem.o
 .text          0x0000000000000000        0x0 ./Src/sysmem.o
 .data          0x0000000000000000        0x0 ./Src/sysmem.o
 .bss           0x0000000000000000        0x0 ./Src/sysmem.o
 .bss.__sbrk_heap_end
                0x0000000000000000        0x4 ./Src/sysmem.o
 .text._sbrk    0x0000000000000000       0x6c ./Src/sysmem.o
 .debug_info    0x0000000000000000      0xa25 ./Src/sysmem.o
 .debug_abbrev  0x0000000000000000      0x1bf ./Src/sysmem.o
 .debug_aranges
                0x0000000000000000       0x20 ./Src/sysmem.o
 .debug_ranges  0x0000000000000000       0x10 ./Src/sysmem.o
 .debug_macro   0x0000000000000000       0xff ./Src/sysmem.o
 .debug_macro   0x0000000000000000      0xaa2 ./Src/sysmem.o
 .debug_macro   0x0000000000000000       0x10 ./Src/sysmem.o
 .debug_macro   0x0000000000000000       0x22 ./Src/sysmem.o
 .debug_macro   0x0000000000000000       0x4c ./Src/sysmem.o
 .debug_macro   0x0000000000000000       0x18 ./Src/sysmem.o
 .debug_macro   0x0000000000000000       0x94 ./Src/sysmem.o
 .debug_macro   0x0000000000000000       0x3c ./Src/sysmem.o
 .debug_macro   0x0000000000000000       0x34 ./Src/sysmem.o
 .debug_macro   0x0000000000000000      0x174 ./Src/sysmem.o
 .debug_macro   0x0000000000000000       0x16 ./Src/sysmem.o
 .debug_macro   0x0000000000000000       0x43 ./Src/sysmem.o
 .debug_macro   0x0000000000000000       0x57 ./Src/sysmem.o
 .debug_macro   0x0000000000000000       0x34 ./Src/sysmem.o
 .debug_macro   0x0000000000000000       0x10 ./Src/sysmem.o
 .debug_macro   0x0000000000000000       0x58 ./Src/sysmem.o
 .debug_macro   0x0000000000000000       0x71 ./Src/sysmem.o
 .debug_macro   0x0000000000000000       0x1c ./Src/sysmem.o
 .debug_macro   0x0000000000000000      0x12a ./Src/sysmem.o
 .debug_macro   0x0000000000000000      0x23b ./Src/sysmem.o
 .debug_macro   0x0000000000000000      0x103 ./Src/sysmem.o
 .debug_macro   0x0000000000000000       0x6a ./Src/sysmem.o
 .debug_macro   0x0000000000000000      0x1df ./Src/sysmem.o
 .debug_line    0x0000000000000000      0x4f3 ./Src/sysmem.o
 .debug_str     0x0000000000000000     0x6267 ./Src/sysmem.o
 .comment       0x0000000000000000       0x54 ./Src/sysmem.o
 .debug_frame   0x0000000000000000       0x34 ./Src/sysmem.o
 .ARM.attributes
                0x0000000000000000       0x2d ./Src/sysmem.o
 .text          0x0000000000000000       0x14 ./Startup/startup_stm32f103c8tx.o
 .data          0x0000000000000000        0x0 ./Startup/startup_stm32f103c8tx.o
 .bss           0x0000000000000000        0x0 ./Startup/startup_stm32f103c8tx.o
 .group         0x0000000000000000        0xc ./drivers/Src/stm32f103xx_i2c_driver.o
 .group         0x0000000000000000        0xc ./drivers/Src/stm32f103xx_i2c_driver.o
 .group         0x0000000000000000        0xc ./drivers/Src/stm32f103xx_i2c_driver.o
 .group         0x0000000000000000        0xc ./drivers/Src/stm32f103xx_i2c_driver.o
 .group         0x0000000000000000        0xc ./drivers/Src/stm32f103xx_i2c_driver.o
 .group         0x0000000000000000        0xc ./drivers/Src/stm32f103xx_i2c_driver.o
 .group         0x0000000000000000        0xc ./drivers/Src/stm32f103xx_i2c_driver.o
 .group         0x0000000000000000        0xc ./drivers/Src/stm32f103xx_i2c_driver.o
 .group         0x0000000000000000        0xc ./drivers/Src/stm32f103xx_i2c_driver.o
 .group         0x0000000000000000        0xc ./drivers/Src/stm32f103xx_i2c_driver.o
 .group         0x0000000000000000        0xc ./drivers/Src/stm32f103xx_i2c_driver.o
 .group         0x0000000000000000        0xc ./drivers/Src/stm32f103xx_i2c_driver.o
 .group         0x0000000000000000        0xc ./drivers/Src/stm32f103xx_i2c_driver.o
 .text          0x0000000000000000        0x0 ./drivers/Src/stm32f103xx_i2c_driver.o
 .data          0x0000000000000000        0x0 ./drivers/Src/stm32f103xx_i2c_driver.o
 .bss           0x0000000000000000        0x0 ./drivers/Src/stm32f103xx_i2c_driver.o
 .text.ComDelay
                0x0000000000000000       0x28 ./drivers/Src/stm32f103xx_i2c_driver.o
 .text.I2C_GenerateStartCondition
                0x0000000000000000       0x1e ./drivers/Src/stm32f103xx_i2c_driver.o
 .text.I2C_ExecuteAddressPhaseWrite
                0x0000000000000000       0x30 ./drivers/Src/stm32f103xx_i2c_driver.o
 .text.I2C_ExecuteAddressPhaseRead
                0x0000000000000000       0x30 ./drivers/Src/stm32f103xx_i2c_driver.o
 .text.I2C_ClearADDRFlag
                0x0000000000000000       0x76 ./drivers/Src/stm32f103xx_i2c_driver.o
 .text.I2C_GenerateStopCondition
                0x0000000000000000       0x1e ./drivers/Src/stm32f103xx_i2c_driver.o
 .text.I2C_SlaveEnableDisableCallBackEvents
                0x0000000000000000       0x66 ./drivers/Src/stm32f103xx_i2c_driver.o
 .text.I2C_GetFlagStatus
                0x0000000000000000       0x28 ./drivers/Src/stm32f103xx_i2c_driver.o
 .text.I2C_PeriClockControl
                0x0000000000000000       0x98 ./drivers/Src/stm32f103xx_i2c_driver.o
 .text.I2C_PeripheralControl
                0x0000000000000000       0x36 ./drivers/Src/stm32f103xx_i2c_driver.o
 .text.I2C_Init
                0x0000000000000000      0x188 ./drivers/Src/stm32f103xx_i2c_driver.o
 .text.I2C_MasterSendData
                0x0000000000000000       0xca ./drivers/Src/stm32f103xx_i2c_driver.o
 .text.I2C_MasterReceiveData
                0x0000000000000000      0x10c ./drivers/Src/stm32f103xx_i2c_driver.o
 .text.I2C_DeInit
                0x0000000000000000       0x60 ./drivers/Src/stm32f103xx_i2c_driver.o
 .text.I2C_ManageAcking
                0x0000000000000000       0x36 ./drivers/Src/stm32f103xx_i2c_driver.o
 .text.I2C_MasterSendDataIT
                0x0000000000000000       0x8c ./drivers/Src/stm32f103xx_i2c_driver.o
 .text.I2C_MasterReceiveDataIT
                0x0000000000000000       0x92 ./drivers/Src/stm32f103xx_i2c_driver.o
 .text.I2C_IRQInterruptConfig
                0x0000000000000000      0x108 ./drivers/Src/stm32f103xx_i2c_driver.o
 .text.I2C_IRQPriorityConfig
                0x0000000000000000       0x5a ./drivers/Src/stm32f103xx_i2c_driver.o
 .text.I2C_CloseReceiveData
                0x0000000000000000       0x5e ./drivers/Src/stm32f103xx_i2c_driver.o
 .text.I2C_CloseSendData
                0x0000000000000000       0x46 ./drivers/Src/stm32f103xx_i2c_driver.o
 .text.I2C_SlaveSendData
                0x0000000000000000       0x1e ./drivers/Src/stm32f103xx_i2c_driver.o
 .text.I2C_SlaveReceiveData
                0x0000000000000000       0x18 ./drivers/Src/stm32f103xx_i2c_driver.o
 .text.I2C_MasterHandleTXEInterrupt
                0x0000000000000000       0x44 ./drivers/Src/stm32f103xx_i2c_driver.o
 .text.I2C_MasterHandleRXNEInterrupt
                0x0000000000000000       0x8e ./drivers/Src/stm32f103xx_i2c_driver.o
 .text.I2C_EV_IRQ_Handling
                0x0000000000000000      0x1cc ./drivers/Src/stm32f103xx_i2c_driver.o
 .text.I2C_ER_IRQ_Handling
                0x0000000000000000      0x10c ./drivers/Src/stm32f103xx_i2c_driver.o
 .text.I2C_Application_EventCallBack
                0x0000000000000000       0x16 ./drivers/Src/stm32f103xx_i2c_driver.o
 .debug_info    0x0000000000000000      0x99f ./drivers/Src/stm32f103xx_i2c_driver.o
 .debug_abbrev  0x0000000000000000      0x25a ./drivers/Src/stm32f103xx_i2c_driver.o
 .debug_aranges
                0x0000000000000000       0xf8 ./drivers/Src/stm32f103xx_i2c_driver.o
 .debug_ranges  0x0000000000000000       0xe8 ./drivers/Src/stm32f103xx_i2c_driver.o
 .debug_macro   0x0000000000000000       0xc2 ./drivers/Src/stm32f103xx_i2c_driver.o
 .debug_macro   0x0000000000000000      0xaa2 ./drivers/Src/stm32f103xx_i2c_driver.o
 .debug_macro   0x0000000000000000      0x174 ./drivers/Src/stm32f103xx_i2c_driver.o
 .debug_macro   0x0000000000000000       0x22 ./drivers/Src/stm32f103xx_i2c_driver.o
 .debug_macro   0x0000000000000000       0x8e ./drivers/Src/stm32f103xx_i2c_driver.o
 .debug_macro   0x0000000000000000       0x51 ./drivers/Src/stm32f103xx_i2c_driver.o
 .debug_macro   0x0000000000000000      0x103 ./drivers/Src/stm32f103xx_i2c_driver.o
 .debug_macro   0x0000000000000000       0x6a ./drivers/Src/stm32f103xx_i2c_driver.o
 .debug_macro   0x0000000000000000      0x1df ./drivers/Src/stm32f103xx_i2c_driver.o
 .debug_macro   0x0000000000000000      0x6bf ./drivers/Src/stm32f103xx_i2c_driver.o
 .debug_macro   0x0000000000000000       0xbe ./drivers/Src/stm32f103xx_i2c_driver.o
 .debug_macro   0x0000000000000000       0xc4 ./drivers/Src/stm32f103xx_i2c_driver.o
 .debug_macro   0x0000000000000000      0x107 ./drivers/Src/stm32f103xx_i2c_driver.o
 .debug_macro   0x0000000000000000       0xc4 ./drivers/Src/stm32f103xx_i2c_driver.o
 .debug_line    0x0000000000000000      0xd74 ./drivers/Src/stm32f103xx_i2c_driver.o
 .debug_str     0x0000000000000000     0x6ea8 ./drivers/Src/stm32f103xx_i2c_driver.o
 .comment       0x0000000000000000       0x54 ./drivers/Src/stm32f103xx_i2c_driver.o
 .debug_frame   0x0000000000000000      0x448 ./drivers/Src/stm32f103xx_i2c_driver.o
 .ARM.attributes
                0x0000000000000000       0x2d ./drivers/Src/stm32f103xx_i2c_driver.o
 .group         0x0000000000000000        0xc ./drivers/Src/stm32f103xx_rcc_driver.o
 .group         0x0000000000000000        0xc ./drivers/Src/stm32f103xx_rcc_driver.o
 .group         0x0000000000000000        0xc ./drivers/Src/stm32f103xx_rcc_driver.o
 .group         0x0000000000000000        0xc ./drivers/Src/stm32f103xx_rcc_driver.o
 .group         0x0000000000000000        0xc ./drivers/Src/stm32f103xx_rcc_driver.o
 .group         0x0000000000000000        0xc ./drivers/Src/stm32f103xx_rcc_driver.o
 .group         0x0000000000000000        0xc ./drivers/Src/stm32f103xx_rcc_driver.o
 .group         0x0000000000000000        0xc ./drivers/Src/stm32f103xx_rcc_driver.o
 .group         0x0000000000000000        0xc ./drivers/Src/stm32f103xx_rcc_driver.o
 .group         0x0000000000000000        0xc ./drivers/Src/stm32f103xx_rcc_driver.o
 .group         0x0000000000000000        0xc ./drivers/Src/stm32f103xx_rcc_driver.o
 .group         0x0000000000000000        0xc ./drivers/Src/stm32f103xx_rcc_driver.o
 .group         0x0000000000000000        0xc ./drivers/Src/stm32f103xx_rcc_driver.o
 .text          0x0000000000000000        0x0 ./drivers/Src/stm32f103xx_rcc_driver.o
 .data          0x0000000000000000        0x0 ./drivers/Src/stm32f103xx_rcc_driver.o
 .bss           0x0000000000000000        0x0 ./drivers/Src/stm32f103xx_rcc_driver.o
 .debug_macro   0x0000000000000000      0xaa2 ./drivers/Src/stm32f103xx_rcc_driver.o
 .debug_macro   0x0000000000000000      0x174 ./drivers/Src/stm32f103xx_rcc_driver.o
 .debug_macro   0x0000000000000000       0x22 ./drivers/Src/stm32f103xx_rcc_driver.o
 .debug_macro   0x0000000000000000       0x8e ./drivers/Src/stm32f103xx_rcc_driver.o
 .debug_macro   0x0000000000000000       0x51 ./drivers/Src/stm32f103xx_rcc_driver.o
 .debug_macro   0x0000000000000000      0x103 ./drivers/Src/stm32f103xx_rcc_driver.o
 .debug_macro   0x0000000000000000       0x6a ./drivers/Src/stm32f103xx_rcc_driver.o
 .debug_macro   0x0000000000000000      0x1df ./drivers/Src/stm32f103xx_rcc_driver.o
 .debug_macro   0x0000000000000000      0x6bf ./drivers/Src/stm32f103xx_rcc_driver.o
 .debug_macro   0x0000000000000000       0xbe ./drivers/Src/stm32f103xx_rcc_driver.o
 .debug_macro   0x0000000000000000       0xc4 ./drivers/Src/stm32f103xx_rcc_driver.o
 .debug_macro   0x0000000000000000       0xca ./drivers/Src/stm32f103xx_rcc_driver.o
 .debug_macro   0x0000000000000000      0x107 ./drivers/Src/stm32f103xx_rcc_driver.o
 .group         0x0000000000000000        0xc ./drivers/Src/stm32f103xx_spi_driver.o
 .group         0x0000000000000000        0xc ./drivers/Src/stm32f103xx_spi_driver.o
 .group         0x0000000000000000        0xc ./drivers/Src/stm32f103xx_spi_driver.o
 .group         0x0000000000000000        0xc ./drivers/Src/stm32f103xx_spi_driver.o
 .group         0x0000000000000000        0xc ./drivers/Src/stm32f103xx_spi_driver.o
 .group         0x0000000000000000        0xc ./drivers/Src/stm32f103xx_spi_driver.o
 .group         0x0000000000000000        0xc ./drivers/Src/stm32f103xx_spi_driver.o
 .group         0x0000000000000000        0xc ./drivers/Src/stm32f103xx_spi_driver.o
 .group         0x0000000000000000        0xc ./drivers/Src/stm32f103xx_spi_driver.o
 .group         0x0000000000000000        0xc ./drivers/Src/stm32f103xx_spi_driver.o
 .group         0x0000000000000000        0xc ./drivers/Src/stm32f103xx_spi_driver.o
 .group         0x0000000000000000        0xc ./drivers/Src/stm32f103xx_spi_driver.o
 .group         0x0000000000000000        0xc ./drivers/Src/stm32f103xx_spi_driver.o
 .text          0x0000000000000000        0x0 ./drivers/Src/stm32f103xx_spi_driver.o
 .data          0x0000000000000000        0x0 ./drivers/Src/stm32f103xx_spi_driver.o
 .bss           0x0000000000000000        0x0 ./drivers/Src/stm32f103xx_spi_driver.o
 .text.SPI_delay
                0x0000000000000000       0x24 ./drivers/Src/stm32f103xx_spi_driver.o
 .text.SPI_PeriClockControl
                0x0000000000000000       0xd4 ./drivers/Src/stm32f103xx_spi_driver.o
 .text.SPI_Init
                0x0000000000000000       0xd2 ./drivers/Src/stm32f103xx_spi_driver.o
 .text.SPI_DeInit
                0x0000000000000000       0x88 ./drivers/Src/stm32f103xx_spi_driver.o
 .text.SPI_SendData
                0x0000000000000000       0x76 ./drivers/Src/stm32f103xx_spi_driver.o
 .text.SPI_PeripheralControl
                0x0000000000000000       0x36 ./drivers/Src/stm32f103xx_spi_driver.o
 .text.SPI_SSIConfig
                0x0000000000000000       0x36 ./drivers/Src/stm32f103xx_spi_driver.o
 .text.SPI_SSOEConfig
                0x0000000000000000       0x36 ./drivers/Src/stm32f103xx_spi_driver.o
 .text.SPI_GetFlagStatus
                0x0000000000000000       0x28 ./drivers/Src/stm32f103xx_spi_driver.o
 .text.SPI_ReceiveData
                0x0000000000000000       0x6e ./drivers/Src/stm32f103xx_spi_driver.o
 .text.SPI_IRQInterruptConfig
                0x0000000000000000      0x108 ./drivers/Src/stm32f103xx_spi_driver.o
 .text.SPI_IRQPriorityConfig
                0x0000000000000000       0x5a ./drivers/Src/stm32f103xx_spi_driver.o
 .text.SPI_SendDataIT
                0x0000000000000000       0x46 ./drivers/Src/stm32f103xx_spi_driver.o
 .text.SPI_ReceiveDataIT
                0x0000000000000000       0x46 ./drivers/Src/stm32f103xx_spi_driver.o
 .text.SPI_IRQHandling
                0x0000000000000000       0x9a ./drivers/Src/stm32f103xx_spi_driver.o
 .text.spi_txe_interrupt_handle
                0x0000000000000000       0x94 ./drivers/Src/stm32f103xx_spi_driver.o
 .text.spi_rxne_interrupt_handle
                0x0000000000000000       0x84 ./drivers/Src/stm32f103xx_spi_driver.o
 .text.spi_ovr_err_interrupt_handle
                0x0000000000000000       0x30 ./drivers/Src/stm32f103xx_spi_driver.o
 .text.SPI_ClearOVRFlag
                0x0000000000000000       0x1e ./drivers/Src/stm32f103xx_spi_driver.o
 .text.SPI_CloseTransmission
                0x0000000000000000       0x34 ./drivers/Src/stm32f103xx_spi_driver.o
 .text.SPI_CloseReception
                0x0000000000000000       0x34 ./drivers/Src/stm32f103xx_spi_driver.o
 .text.SPI_Application_EventCallBack
                0x0000000000000000       0x16 ./drivers/Src/stm32f103xx_spi_driver.o
 .debug_info    0x0000000000000000      0x7e5 ./drivers/Src/stm32f103xx_spi_driver.o
 .debug_abbrev  0x0000000000000000      0x1dd ./drivers/Src/stm32f103xx_spi_driver.o
 .debug_aranges
                0x0000000000000000       0xc8 ./drivers/Src/stm32f103xx_spi_driver.o
 .debug_ranges  0x0000000000000000       0xb8 ./drivers/Src/stm32f103xx_spi_driver.o
 .debug_macro   0x0000000000000000       0xc2 ./drivers/Src/stm32f103xx_spi_driver.o
 .debug_macro   0x0000000000000000      0xaa2 ./drivers/Src/stm32f103xx_spi_driver.o
 .debug_macro   0x0000000000000000      0x174 ./drivers/Src/stm32f103xx_spi_driver.o
 .debug_macro   0x0000000000000000       0x22 ./drivers/Src/stm32f103xx_spi_driver.o
 .debug_macro   0x0000000000000000       0x8e ./drivers/Src/stm32f103xx_spi_driver.o
 .debug_macro   0x0000000000000000       0x51 ./drivers/Src/stm32f103xx_spi_driver.o
 .debug_macro   0x0000000000000000      0x103 ./drivers/Src/stm32f103xx_spi_driver.o
 .debug_macro   0x0000000000000000       0x6a ./drivers/Src/stm32f103xx_spi_driver.o
 .debug_macro   0x0000000000000000      0x1df ./drivers/Src/stm32f103xx_spi_driver.o
 .debug_macro   0x0000000000000000      0x6bf ./drivers/Src/stm32f103xx_spi_driver.o
 .debug_macro   0x0000000000000000       0xbe ./drivers/Src/stm32f103xx_spi_driver.o
 .debug_macro   0x0000000000000000       0xca ./drivers/Src/stm32f103xx_spi_driver.o
 .debug_macro   0x0000000000000000      0x107 ./drivers/Src/stm32f103xx_spi_driver.o
 .debug_macro   0x0000000000000000       0xbe ./drivers/Src/stm32f103xx_spi_driver.o
 .debug_line    0x0000000000000000      0xa21 ./drivers/Src/stm32f103xx_spi_driver.o
 .debug_str     0x0000000000000000     0x6dd0 ./drivers/Src/stm32f103xx_spi_driver.o
 .comment       0x0000000000000000       0x54 ./drivers/Src/stm32f103xx_spi_driver.o
 .debug_frame   0x0000000000000000      0x364 ./drivers/Src/stm32f103xx_spi_driver.o
 .ARM.attributes
                0x0000000000000000       0x2d ./drivers/Src/stm32f103xx_spi_driver.o
 .group         0x0000000000000000        0xc ./drivers/Src/stm32f103xx_usart_driver.o
 .group         0x0000000000000000        0xc ./drivers/Src/stm32f103xx_usart_driver.o
 .group         0x0000000000000000        0xc ./drivers/Src/stm32f103xx_usart_driver.o
 .group         0x0000000000000000        0xc ./drivers/Src/stm32f103xx_usart_driver.o
 .group         0x0000000000000000        0xc ./drivers/Src/stm32f103xx_usart_driver.o
 .group         0x0000000000000000        0xc ./drivers/Src/stm32f103xx_usart_driver.o
 .group         0x0000000000000000        0xc ./drivers/Src/stm32f103xx_usart_driver.o
 .group         0x0000000000000000        0xc ./drivers/Src/stm32f103xx_usart_driver.o
 .group         0x0000000000000000        0xc ./drivers/Src/stm32f103xx_usart_driver.o
 .group         0x0000000000000000        0xc ./drivers/Src/stm32f103xx_usart_driver.o
 .group         0x0000000000000000        0xc ./drivers/Src/stm32f103xx_usart_driver.o
 .group         0x0000000000000000        0xc ./drivers/Src/stm32f103xx_usart_driver.o
 .group         0x0000000000000000        0xc ./drivers/Src/stm32f103xx_usart_driver.o
 .text          0x0000000000000000        0x0 ./drivers/Src/stm32f103xx_usart_driver.o
 .data          0x0000000000000000        0x0 ./drivers/Src/stm32f103xx_usart_driver.o
 .bss           0x0000000000000000        0x0 ./drivers/Src/stm32f103xx_usart_driver.o
 .text.USART_DeInit
                0x0000000000000000       0x88 ./drivers/Src/stm32f103xx_usart_driver.o
 .text.USART_ReceiveData
                0x0000000000000000       0xb0 ./drivers/Src/stm32f103xx_usart_driver.o
 .text.USART_SendDataIT
                0x0000000000000000       0x56 ./drivers/Src/stm32f103xx_usart_driver.o
 .text.USART_IRQPriorityConfig
                0x0000000000000000       0x52 ./drivers/Src/stm32f103xx_usart_driver.o
 .text.USART_ClearFlag
                0x0000000000000000       0x2a ./drivers/Src/stm32f103xx_usart_driver.o
 .debug_macro   0x0000000000000000      0xaa2 ./drivers/Src/stm32f103xx_usart_driver.o
 .debug_macro   0x0000000000000000      0x174 ./drivers/Src/stm32f103xx_usart_driver.o
 .debug_macro   0x0000000000000000       0x22 ./drivers/Src/stm32f103xx_usart_driver.o
 .debug_macro   0x0000000000000000       0x8e ./drivers/Src/stm32f103xx_usart_driver.o
 .debug_macro   0x0000000000000000       0x51 ./drivers/Src/stm32f103xx_usart_driver.o
 .debug_macro   0x0000000000000000      0x103 ./drivers/Src/stm32f103xx_usart_driver.o
 .debug_macro   0x0000000000000000       0x6a ./drivers/Src/stm32f103xx_usart_driver.o
 .debug_macro   0x0000000000000000      0x1df ./drivers/Src/stm32f103xx_usart_driver.o
 .debug_macro   0x0000000000000000      0x6bf ./drivers/Src/stm32f103xx_usart_driver.o
 .debug_macro   0x0000000000000000       0xbe ./drivers/Src/stm32f103xx_usart_driver.o
 .debug_macro   0x0000000000000000       0xc4 ./drivers/Src/stm32f103xx_usart_driver.o
 .debug_macro   0x0000000000000000       0xca ./drivers/Src/stm32f103xx_usart_driver.o
 .group         0x0000000000000000        0xc ./drivers/Src/stm32f10xx_gpio_driver.o
 .group         0x0000000000000000        0xc ./drivers/Src/stm32f10xx_gpio_driver.o
 .group         0x0000000000000000        0xc ./drivers/Src/stm32f10xx_gpio_driver.o
 .group         0x0000000000000000        0xc ./drivers/Src/stm32f10xx_gpio_driver.o
 .group         0x0000000000000000        0xc ./drivers/Src/stm32f10xx_gpio_driver.o
 .group         0x0000000000000000        0xc ./drivers/Src/stm32f10xx_gpio_driver.o
 .group         0x0000000000000000        0xc ./drivers/Src/stm32f10xx_gpio_driver.o
 .group         0x0000000000000000        0xc ./drivers/Src/stm32f10xx_gpio_driver.o
 .group         0x0000000000000000        0xc ./drivers/Src/stm32f10xx_gpio_driver.o
 .group         0x0000000000000000        0xc ./drivers/Src/stm32f10xx_gpio_driver.o
 .group         0x0000000000000000        0xc ./drivers/Src/stm32f10xx_gpio_driver.o
 .group         0x0000000000000000        0xc ./drivers/Src/stm32f10xx_gpio_driver.o
 .group         0x0000000000000000        0xc ./drivers/Src/stm32f10xx_gpio_driver.o
 .text          0x0000000000000000        0x0 ./drivers/Src/stm32f10xx_gpio_driver.o
 .data          0x0000000000000000        0x0 ./drivers/Src/stm32f10xx_gpio_driver.o
 .bss           0x0000000000000000        0x0 ./drivers/Src/stm32f10xx_gpio_driver.o
 .text.GPIO_DeInit
                0x0000000000000000       0xd4 ./drivers/Src/stm32f10xx_gpio_driver.o
 .text.GPIO_ReadFromInputPin
                0x0000000000000000       0x2e ./drivers/Src/stm32f10xx_gpio_driver.o
 .text.GPIO_ReadFromInputPort
                0x0000000000000000       0x1a ./drivers/Src/stm32f10xx_gpio_driver.o
 .text.GPIO_WriteToOutputPin
                0x0000000000000000       0x48 ./drivers/Src/stm32f10xx_gpio_driver.o
 .text.GPIO_WriteToOutputPort
                0x0000000000000000       0x22 ./drivers/Src/stm32f10xx_gpio_driver.o
 .text.GPIO_ToggleOutputPin
                0x0000000000000000       0x28 ./drivers/Src/stm32f10xx_gpio_driver.o
 .text.GPIO_IRQInterruptConfig
                0x0000000000000000      0x108 ./drivers/Src/stm32f10xx_gpio_driver.o
 .text.GPIO_IRQPriorityConfig
                0x0000000000000000       0x5a ./drivers/Src/stm32f10xx_gpio_driver.o
 .text.GPIO_IRQHandling
                0x0000000000000000       0x40 ./drivers/Src/stm32f10xx_gpio_driver.o
 .debug_macro   0x0000000000000000      0xaa2 ./drivers/Src/stm32f10xx_gpio_driver.o
 .debug_macro   0x0000000000000000      0x174 ./drivers/Src/stm32f10xx_gpio_driver.o
 .debug_macro   0x0000000000000000       0x22 ./drivers/Src/stm32f10xx_gpio_driver.o
 .debug_macro   0x0000000000000000       0x8e ./drivers/Src/stm32f10xx_gpio_driver.o
 .debug_macro   0x0000000000000000       0x51 ./drivers/Src/stm32f10xx_gpio_driver.o
 .debug_macro   0x0000000000000000      0x103 ./drivers/Src/stm32f10xx_gpio_driver.o
 .debug_macro   0x0000000000000000       0x6a ./drivers/Src/stm32f10xx_gpio_driver.o
 .debug_macro   0x0000000000000000      0x1df ./drivers/Src/stm32f10xx_gpio_driver.o
 .debug_macro   0x0000000000000000      0x6bf ./drivers/Src/stm32f10xx_gpio_driver.o
 .debug_macro   0x0000000000000000       0xbe ./drivers/Src/stm32f10xx_gpio_driver.o
 .debug_macro   0x0000000000000000       0xca ./drivers/Src/stm32f10xx_gpio_driver.o
 .debug_macro   0x0000000000000000      0x107 ./drivers/Src/stm32f10xx_gpio_driver.o
 .debug_macro   0x0000000000000000       0xbe ./drivers/Src/stm32f10xx_gpio_driver.o
 .text          0x0000000000000000        0x0 c:/st/stm32cubeide_1.8.0/stm32cubeide/plugins/com.st.stm32cube.ide.mcu.externaltools.gnu-tools-for-stm32.9-2020-q2-update.win32_2.0.0.202105311346/tools/bin/../lib/gcc/arm-none-eabi/9.3.1/../../../../arm-none-eabi/lib/thumb/v7-m/nofp\libc_nano.a(lib_a-errno.o)
 .data          0x0000000000000000        0x0 c:/st/stm32cubeide_1.8.0/stm32cubeide/plugins/com.st.stm32cube.ide.mcu.externaltools.gnu-tools-for-stm32.9-2020-q2-update.win32_2.0.0.202105311346/tools/bin/../lib/gcc/arm-none-eabi/9.3.1/../../../../arm-none-eabi/lib/thumb/v7-m/nofp\libc_nano.a(lib_a-errno.o)
 .bss           0x0000000000000000        0x0 c:/st/stm32cubeide_1.8.0/stm32cubeide/plugins/com.st.stm32cube.ide.mcu.externaltools.gnu-tools-for-stm32.9-2020-q2-update.win32_2.0.0.202105311346/tools/bin/../lib/gcc/arm-none-eabi/9.3.1/../../../../arm-none-eabi/lib/thumb/v7-m/nofp\libc_nano.a(lib_a-errno.o)
 .text.__errno  0x0000000000000000        0xc c:/st/stm32cubeide_1.8.0/stm32cubeide/plugins/com.st.stm32cube.ide.mcu.externaltools.gnu-tools-for-stm32.9-2020-q2-update.win32_2.0.0.202105311346/tools/bin/../lib/gcc/arm-none-eabi/9.3.1/../../../../arm-none-eabi/lib/thumb/v7-m/nofp\libc_nano.a(lib_a-errno.o)
 .debug_frame   0x0000000000000000       0x20 c:/st/stm32cubeide_1.8.0/stm32cubeide/plugins/com.st.stm32cube.ide.mcu.externaltools.gnu-tools-for-stm32.9-2020-q2-update.win32_2.0.0.202105311346/tools/bin/../lib/gcc/arm-none-eabi/9.3.1/../../../../arm-none-eabi/lib/thumb/v7-m/nofp\libc_nano.a(lib_a-errno.o)
 .ARM.attributes
                0x0000000000000000       0x2d c:/st/stm32cubeide_1.8.0/stm32cubeide/plugins/com.st.stm32cube.ide.mcu.externaltools.gnu-tools-for-stm32.9-2020-q2-update.win32_2.0.0.202105311346/tools/bin/../lib/gcc/arm-none-eabi/9.3.1/../../../../arm-none-eabi/lib/thumb/v7-m/nofp\libc_nano.a(lib_a-errno.o)
 .text          0x0000000000000000        0x0 c:/st/stm32cubeide_1.8.0/stm32cubeide/plugins/com.st.stm32cube.ide.mcu.externaltools.gnu-tools-for-stm32.9-2020-q2-update.win32_2.0.0.202105311346/tools/bin/../lib/gcc/arm-none-eabi/9.3.1/../../../../arm-none-eabi/lib/thumb/v7-m/nofp\libc_nano.a(lib_a-exit.o)
 .data          0x0000000000000000        0x0 c:/st/stm32cubeide_1.8.0/stm32cubeide/plugins/com.st.stm32cube.ide.mcu.externaltools.gnu-tools-for-stm32.9-2020-q2-update.win32_2.0.0.202105311346/tools/bin/../lib/gcc/arm-none-eabi/9.3.1/../../../../arm-none-eabi/lib/thumb/v7-m/nofp\libc_nano.a(lib_a-exit.o)
 .bss           0x0000000000000000        0x0 c:/st/stm32cubeide_1.8.0/stm32cubeide/plugins/com.st.stm32cube.ide.mcu.externaltools.gnu-tools-for-stm32.9-2020-q2-update.win32_2.0.0.202105311346/tools/bin/../lib/gcc/arm-none-eabi/9.3.1/../../../../arm-none-eabi/lib/thumb/v7-m/nofp\libc_nano.a(lib_a-exit.o)
 .text.exit     0x0000000000000000       0x28 c:/st/stm32cubeide_1.8.0/stm32cubeide/plugins/com.st.stm32cube.ide.mcu.externaltools.gnu-tools-for-stm32.9-2020-q2-update.win32_2.0.0.202105311346/tools/bin/../lib/gcc/arm-none-eabi/9.3.1/../../../../arm-none-eabi/lib/thumb/v7-m/nofp\libc_nano.a(lib_a-exit.o)
 .debug_frame   0x0000000000000000       0x28 c:/st/stm32cubeide_1.8.0/stm32cubeide/plugins/com.st.stm32cube.ide.mcu.externaltools.gnu-tools-for-stm32.9-2020-q2-update.win32_2.0.0.202105311346/tools/bin/../lib/gcc/arm-none-eabi/9.3.1/../../../../arm-none-eabi/lib/thumb/v7-m/nofp\libc_nano.a(lib_a-exit.o)
 .ARM.attributes
                0x0000000000000000       0x2d c:/st/stm32cubeide_1.8.0/stm32cubeide/plugins/com.st.stm32cube.ide.mcu.externaltools.gnu-tools-for-stm32.9-2020-q2-update.win32_2.0.0.202105311346/tools/bin/../lib/gcc/arm-none-eabi/9.3.1/../../../../arm-none-eabi/lib/thumb/v7-m/nofp\libc_nano.a(lib_a-exit.o)
 .text          0x0000000000000000        0x0 c:/st/stm32cubeide_1.8.0/stm32cubeide/plugins/com.st.stm32cube.ide.mcu.externaltools.gnu-tools-for-stm32.9-2020-q2-update.win32_2.0.0.202105311346/tools/bin/../lib/gcc/arm-none-eabi/9.3.1/../../../../arm-none-eabi/lib/thumb/v7-m/nofp\libc_nano.a(lib_a-impure.o)
 .data          0x0000000000000000        0x0 c:/st/stm32cubeide_1.8.0/stm32cubeide/plugins/com.st.stm32cube.ide.mcu.externaltools.gnu-tools-for-stm32.9-2020-q2-update.win32_2.0.0.202105311346/tools/bin/../lib/gcc/arm-none-eabi/9.3.1/../../../../arm-none-eabi/lib/thumb/v7-m/nofp\libc_nano.a(lib_a-impure.o)
 .bss           0x0000000000000000        0x0 c:/st/stm32cubeide_1.8.0/stm32cubeide/plugins/com.st.stm32cube.ide.mcu.externaltools.gnu-tools-for-stm32.9-2020-q2-update.win32_2.0.0.202105311346/tools/bin/../lib/gcc/arm-none-eabi/9.3.1/../../../../arm-none-eabi/lib/thumb/v7-m/nofp\libc_nano.a(lib_a-impure.o)
 .data._impure_ptr
                0x0000000000000000        0x4 c:/st/stm32cubeide_1.8.0/stm32cubeide/plugins/com.st.stm32cube.ide.mcu.externaltools.gnu-tools-for-stm32.9-2020-q2-update.win32_2.0.0.202105311346/tools/bin/../lib/gcc/arm-none-eabi/9.3.1/../../../../arm-none-eabi/lib/thumb/v7-m/nofp\libc_nano.a(lib_a-impure.o)
 .data.impure_data
                0x0000000000000000       0x60 c:/st/stm32cubeide_1.8.0/stm32cubeide/plugins/com.st.stm32cube.ide.mcu.externaltools.gnu-tools-for-stm32.9-2020-q2-update.win32_2.0.0.202105311346/tools/bin/../lib/gcc/arm-none-eabi/9.3.1/../../../../arm-none-eabi/lib/thumb/v7-m/nofp\libc_nano.a(lib_a-impure.o)
 .rodata._global_impure_ptr
                0x0000000000000000        0x4 c:/st/stm32cubeide_1.8.0/stm32cubeide/plugins/com.st.stm32cube.ide.mcu.externaltools.gnu-tools-for-stm32.9-2020-q2-update.win32_2.0.0.202105311346/tools/bin/../lib/gcc/arm-none-eabi/9.3.1/../../../../arm-none-eabi/lib/thumb/v7-m/nofp\libc_nano.a(lib_a-impure.o)
 .ARM.attributes
                0x0000000000000000       0x2d c:/st/stm32cubeide_1.8.0/stm32cubeide/plugins/com.st.stm32cube.ide.mcu.externaltools.gnu-tools-for-stm32.9-2020-q2-update.win32_2.0.0.202105311346/tools/bin/../lib/gcc/arm-none-eabi/9.3.1/../../../../arm-none-eabi/lib/thumb/v7-m/nofp\libc_nano.a(lib_a-impure.o)
 .text          0x0000000000000000        0x0 c:/st/stm32cubeide_1.8.0/stm32cubeide/plugins/com.st.stm32cube.ide.mcu.externaltools.gnu-tools-for-stm32.9-2020-q2-update.win32_2.0.0.202105311346/tools/bin/../lib/gcc/arm-none-eabi/9.3.1/../../../../arm-none-eabi/lib/thumb/v7-m/nofp\libc_nano.a(lib_a-init.o)
 .data          0x0000000000000000        0x0 c:/st/stm32cubeide_1.8.0/stm32cubeide/plugins/com.st.stm32cube.ide.mcu.externaltools.gnu-tools-for-stm32.9-2020-q2-update.win32_2.0.0.202105311346/tools/bin/../lib/gcc/arm-none-eabi/9.3.1/../../../../arm-none-eabi/lib/thumb/v7-m/nofp\libc_nano.a(lib_a-init.o)
 .bss           0x0000000000000000        0x0 c:/st/stm32cubeide_1.8.0/stm32cubeide/plugins/com.st.stm32cube.ide.mcu.externaltools.gnu-tools-for-stm32.9-2020-q2-update.win32_2.0.0.202105311346/tools/bin/../lib/gcc/arm-none-eabi/9.3.1/../../../../arm-none-eabi/lib/thumb/v7-m/nofp\libc_nano.a(lib_a-init.o)
 .text          0x0000000000000000        0x0 c:/st/stm32cubeide_1.8.0/stm32cubeide/plugins/com.st.stm32cube.ide.mcu.externaltools.gnu-tools-for-stm32.9-2020-q2-update.win32_2.0.0.202105311346/tools/bin/../lib/gcc/arm-none-eabi/9.3.1/../../../../arm-none-eabi/lib/thumb/v7-m/nofp\libc_nano.a(lib_a-memset.o)
 .data          0x0000000000000000        0x0 c:/st/stm32cubeide_1.8.0/stm32cubeide/plugins/com.st.stm32cube.ide.mcu.externaltools.gnu-tools-for-stm32.9-2020-q2-update.win32_2.0.0.202105311346/tools/bin/../lib/gcc/arm-none-eabi/9.3.1/../../../../arm-none-eabi/lib/thumb/v7-m/nofp\libc_nano.a(lib_a-memset.o)
 .bss           0x0000000000000000        0x0 c:/st/stm32cubeide_1.8.0/stm32cubeide/plugins/com.st.stm32cube.ide.mcu.externaltools.gnu-tools-for-stm32.9-2020-q2-update.win32_2.0.0.202105311346/tools/bin/../lib/gcc/arm-none-eabi/9.3.1/../../../../arm-none-eabi/lib/thumb/v7-m/nofp\libc_nano.a(lib_a-memset.o)
 .data          0x0000000000000000        0x0 c:/st/stm32cubeide_1.8.0/stm32cubeide/plugins/com.st.stm32cube.ide.mcu.externaltools.gnu-tools-for-stm32.9-2020-q2-update.win32_2.0.0.202105311346/tools/bin/../lib/gcc/arm-none-eabi/9.3.1/../../../../arm-none-eabi/lib/thumb/v7-m/nofp\libc_nano.a(lib_a-strlen.o)
 .bss           0x0000000000000000        0x0 c:/st/stm32cubeide_1.8.0/stm32cubeide/plugins/com.st.stm32cube.ide.mcu.externaltools.gnu-tools-for-stm32.9-2020-q2-update.win32_2.0.0.202105311346/tools/bin/../lib/gcc/arm-none-eabi/9.3.1/../../../../arm-none-eabi/lib/thumb/v7-m/nofp\libc_nano.a(lib_a-strlen.o)
 .text          0x0000000000000000        0x0 c:/st/stm32cubeide_1.8.0/stm32cubeide/plugins/com.st.stm32cube.ide.mcu.externaltools.gnu-tools-for-stm32.9-2020-q2-update.win32_2.0.0.202105311346/tools/bin/../lib/gcc/arm-none-eabi/9.3.1/thumb/v7-m/nofp/crtend.o
 .data          0x0000000000000000        0x0 c:/st/stm32cubeide_1.8.0/stm32cubeide/plugins/com.st.stm32cube.ide.mcu.externaltools.gnu-tools-for-stm32.9-2020-q2-update.win32_2.0.0.202105311346/tools/bin/../lib/gcc/arm-none-eabi/9.3.1/thumb/v7-m/nofp/crtend.o
 .bss           0x0000000000000000        0x0 c:/st/stm32cubeide_1.8.0/stm32cubeide/plugins/com.st.stm32cube.ide.mcu.externaltools.gnu-tools-for-stm32.9-2020-q2-update.win32_2.0.0.202105311346/tools/bin/../lib/gcc/arm-none-eabi/9.3.1/thumb/v7-m/nofp/crtend.o
 .eh_frame      0x0000000000000000        0x4 c:/st/stm32cubeide_1.8.0/stm32cubeide/plugins/com.st.stm32cube.ide.mcu.externaltools.gnu-tools-for-stm32.9-2020-q2-update.win32_2.0.0.202105311346/tools/bin/../lib/gcc/arm-none-eabi/9.3.1/thumb/v7-m/nofp/crtend.o
 .ARM.attributes
                0x0000000000000000       0x2d c:/st/stm32cubeide_1.8.0/stm32cubeide/plugins/com.st.stm32cube.ide.mcu.externaltools.gnu-tools-for-stm32.9-2020-q2-update.win32_2.0.0.202105311346/tools/bin/../lib/gcc/arm-none-eabi/9.3.1/thumb/v7-m/nofp/crtend.o
 .text          0x0000000000000000        0x0 c:/st/stm32cubeide_1.8.0/stm32cubeide/plugins/com.st.stm32cube.ide.mcu.externaltools.gnu-tools-for-stm32.9-2020-q2-update.win32_2.0.0.202105311346/tools/bin/../lib/gcc/arm-none-eabi/9.3.1/thumb/v7-m/nofp/crtn.o
 .data          0x0000000000000000        0x0 c:/st/stm32cubeide_1.8.0/stm32cubeide/plugins/com.st.stm32cube.ide.mcu.externaltools.gnu-tools-for-stm32.9-2020-q2-update.win32_2.0.0.202105311346/tools/bin/../lib/gcc/arm-none-eabi/9.3.1/thumb/v7-m/nofp/crtn.o
 .bss           0x0000000000000000        0x0 c:/st/stm32cubeide_1.8.0/stm32cubeide/plugins/com.st.stm32cube.ide.mcu.externaltools.gnu-tools-for-stm32.9-2020-q2-update.win32_2.0.0.202105311346/tools/bin/../lib/gcc/arm-none-eabi/9.3.1/thumb/v7-m/nofp/crtn.o

Memory Configuration

Name             Origin             Length             Attributes
RAM              0x0000000020000000 0x0000000000005000 xrw
FLASH            0x0000000008000000 0x0000000000010000 xr
*default*        0x0000000000000000 0xffffffffffffffff

Linker script and memory map

LOAD c:/st/stm32cubeide_1.8.0/stm32cubeide/plugins/com.st.stm32cube.ide.mcu.externaltools.gnu-tools-for-stm32.9-2020-q2-update.win32_2.0.0.202105311346/tools/bin/../lib/gcc/arm-none-eabi/9.3.1/thumb/v7-m/nofp/crti.o
LOAD c:/st/stm32cubeide_1.8.0/stm32cubeide/plugins/com.st.stm32cube.ide.mcu.externaltools.gnu-tools-for-stm32.9-2020-q2-update.win32_2.0.0.202105311346/tools/bin/../lib/gcc/arm-none-eabi/9.3.1/thumb/v7-m/nofp/crtbegin.o
LOAD c:/st/stm32cubeide_1.8.0/stm32cubeide/plugins/com.st.stm32cube.ide.mcu.externaltools.gnu-tools-for-stm32.9-2020-q2-update.win32_2.0.0.202105311346/tools/bin/../lib/gcc/arm-none-eabi/9.3.1/../../../../arm-none-eabi/lib/thumb/v7-m/nofp/crt0.o
LOAD ./Src/012usart_case.o
LOAD ./Src/syscalls.o
LOAD ./Src/sysmem.o
LOAD ./Startup/startup_stm32f103c8tx.o
LOAD ./drivers/Src/stm32f103xx_i2c_driver.o
LOAD ./drivers/Src/stm32f103xx_rcc_driver.o
LOAD ./drivers/Src/stm32f103xx_spi_driver.o
LOAD ./drivers/Src/stm32f103xx_usart_driver.o
LOAD ./drivers/Src/stm32f10xx_gpio_driver.o
START GROUP
LOAD c:/st/stm32cubeide_1.8.0/stm32cubeide/plugins/com.st.stm32cube.ide.mcu.externaltools.gnu-tools-for-stm32.9-2020-q2-update.win32_2.0.0.202105311346/tools/bin/../lib/gcc/arm-none-eabi/9.3.1/../../../../arm-none-eabi/lib/thumb/v7-m/nofp\libc_nano.a
LOAD c:/st/stm32cubeide_1.8.0/stm32cubeide/plugins/com.st.stm32cube.ide.mcu.externaltools.gnu-tools-for-stm32.9-2020-q2-update.win32_2.0.0.202105311346/tools/bin/../lib/gcc/arm-none-eabi/9.3.1/../../../../arm-none-eabi/lib/thumb/v7-m/nofp\libm.a
END GROUP
START GROUP
LOAD c:/st/stm32cubeide_1.8.0/stm32cubeide/plugins/com.st.stm32cube.ide.mcu.externaltools.gnu-tools-for-stm32.9-2020-q2-update.win32_2.0.0.202105311346/tools/bin/../lib/gcc/arm-none-eabi/9.3.1/thumb/v7-m/nofp\libgcc.a
LOAD c:/st/stm32cubeide_1.8.0/stm32cubeide/plugins/com.st.stm32cube.ide.mcu.externaltools.gnu-tools-for-stm32.9-2020-q2-update.win32_2.0.0.202105311346/tools/bin/../lib/gcc/arm-none-eabi/9.3.1/../../../../arm-none-eabi/lib/thumb/v7-m/nofp\libc_nano.a
END GROUP
START GROUP
LOAD c:/st/stm32cubeide_1.8.0/stm32cubeide/plugins/com.st.stm32cube.ide.mcu.externaltools.gnu-tools-for-stm32.9-2020-q2-update.win32_2.0.0.202105311346/tools/bin/../lib/gcc/arm-none-eabi/9.3.1/thumb/v7-m/nofp\libgcc.a
LOAD c:/st/stm32cubeide_1.8.0/stm32cubeide/plugins/com.st.stm32cube.ide.mcu.externaltools.gnu-tools-for-stm32.9-2020-q2-update.win32_2.0.0.202105311346/tools/bin/../lib/gcc/arm-none-eabi/9.3.1/../../../../arm-none-eabi/lib/thumb/v7-m/nofp\libc_nano.a
LOAD c:/st/stm32cubeide_1.8.0/stm32cubeide/plugins/com.st.stm32cube.ide.mcu.externaltools.gnu-tools-for-stm32.9-2020-q2-update.win32_2.0.0.202105311346/tools/bin/../lib/gcc/arm-none-eabi/9.3.1/../../../../arm-none-eabi/lib/thumb/v7-m/nofp\libnosys.a
END GROUP
START GROUP
LOAD c:/st/stm32cubeide_1.8.0/stm32cubeide/plugins/com.st.stm32cube.ide.mcu.externaltools.gnu-tools-for-stm32.9-2020-q2-update.win32_2.0.0.202105311346/tools/bin/../lib/gcc/arm-none-eabi/9.3.1/thumb/v7-m/nofp\libgcc.a
LOAD c:/st/stm32cubeide_1.8.0/stm32cubeide/plugins/com.st.stm32cube.ide.mcu.externaltools.gnu-tools-for-stm32.9-2020-q2-update.win32_2.0.0.202105311346/tools/bin/../lib/gcc/arm-none-eabi/9.3.1/../../../../arm-none-eabi/lib/thumb/v7-m/nofp\libc_nano.a
LOAD c:/st/stm32cubeide_1.8.0/stm32cubeide/plugins/com.st.stm32cube.ide.mcu.externaltools.gnu-tools-for-stm32.9-2020-q2-update.win32_2.0.0.202105311346/tools/bin/../lib/gcc/arm-none-eabi/9.3.1/../../../../arm-none-eabi/lib/thumb/v7-m/nofp\libnosys.a
END GROUP
LOAD c:/st/stm32cubeide_1.8.0/stm32cubeide/plugins/com.st.stm32cube.ide.mcu.externaltools.gnu-tools-for-stm32.9-2020-q2-update.win32_2.0.0.202105311346/tools/bin/../lib/gcc/arm-none-eabi/9.3.1/thumb/v7-m/nofp/crtend.o
LOAD c:/st/stm32cubeide_1.8.0/stm32cubeide/plugins/com.st.stm32cube.ide.mcu.externaltools.gnu-tools-for-stm32.9-2020-q2-update.win32_2.0.0.202105311346/tools/bin/../lib/gcc/arm-none-eabi/9.3.1/thumb/v7-m/nofp/crtn.o
                0x0000000020005000                _estack = (ORIGIN (RAM) + LENGTH (RAM))
                0x0000000000000200                _Min_Heap_Size = 0x200
                0x0000000000000400                _Min_Stack_Size = 0x400

.isr_vector     0x0000000008000000      0x130
                0x0000000008000000                . = ALIGN (0x4)
 *(.isr_vector)
 .isr_vector    0x0000000008000000      0x130 ./Startup/startup_stm32f103c8tx.o
                0x0000000008000000                g_pfnVectors
                0x0000000008000130                . = ALIGN (0x4)

.text           0x0000000008000130     0x12bc
                0x0000000008000130                . = ALIGN (0x4)
 *(.text)
 .text          0x0000000008000130       0x40 c:/st/stm32cubeide_1.8.0/stm32cubeide/plugins/com.st.stm32cube.ide.mcu.externaltools.gnu-tools-for-stm32.9-2020-q2-update.win32_2.0.0.202105311346/tools/bin/../lib/gcc/arm-none-eabi/9.3.1/thumb/v7-m/nofp/crtbegin.o
 .text          0x0000000008000170       0x10 c:/st/stm32cubeide_1.8.0/stm32cubeide/plugins/com.st.stm32cube.ide.mcu.externaltools.gnu-tools-for-stm32.9-2020-q2-update.win32_2.0.0.202105311346/tools/bin/../lib/gcc/arm-none-eabi/9.3.1/../../../../arm-none-eabi/lib/thumb/v7-m/nofp\libc_nano.a(lib_a-strlen.o)
                0x0000000008000170                strlen
 *(.text*)
 .text.USART3_GPIOInits
                0x0000000008000180       0x44 ./Src/012usart_case.o
                0x0000000008000180                USART3_GPIOInits
 .text.USART3_Inits
                0x00000000080001c4       0x4c ./Src/012usart_case.o
                0x00000000080001c4                USART3_Inits
 .text.GPIO_ButtonInit
                0x0000000008000210       0x38 ./Src/012usart_case.o
                0x0000000008000210                GPIO_ButtonInit
 .text.main     0x0000000008000248       0xc8 ./Src/012usart_case.o
                0x0000000008000248                main
 .text.USART3_IRQHandler
                0x0000000008000310       0x14 ./Src/012usart_case.o
                0x0000000008000310                USART3_IRQHandler
 .text.USART_ApplicationEventCallback
                0x0000000008000324       0x28 ./Src/012usart_case.o
                0x0000000008000324                USART_ApplicationEventCallback
 .text.Reset_Handler
                0x000000000800034c       0x50 ./Startup/startup_stm32f103c8tx.o
                0x000000000800034c                Reset_Handler
 .text.Default_Handler
                0x000000000800039c        0x2 ./Startup/startup_stm32f103c8tx.o
                0x000000000800039c                EXTI2_IRQHandler
                0x000000000800039c                TIM8_TRG_COM_IRQHandler
                0x000000000800039c                TIM8_CC_IRQHandler
                0x000000000800039c                DebugMon_Handler
                0x000000000800039c                TIM1_CC_IRQHandler
                0x000000000800039c                HardFault_Handler
                0x000000000800039c                TIM6_IRQHandler
                0x000000000800039c                SysTick_Handler
                0x000000000800039c                PVD_IRQHandler
                0x000000000800039c                SDIO_IRQHandler
                0x000000000800039c                PendSV_Handler
                0x000000000800039c                NMI_Handler
                0x000000000800039c                EXTI3_IRQHandler
                0x000000000800039c                USB_HP_CAN_TX_IRQHandler
                0x000000000800039c                EXTI0_IRQHandler
                0x000000000800039c                I2C2_EV_IRQHandler
                0x000000000800039c                UsageFault_Handler
                0x000000000800039c                ADC1_2_IRQHandler
                0x000000000800039c                SPI1_IRQHandler
                0x000000000800039c                CAN_SCE_IRQHandler
                0x000000000800039c                TAMPER_IRQHandler
                0x000000000800039c                TIM8_UP_IRQHandler
                0x000000000800039c                DMA2_Channel2_IRQHandler
                0x000000000800039c                DMA1_Channel4_IRQHandler
                0x000000000800039c                RTC_IRQHandler
                0x000000000800039c                DMA1_Channel7_IRQHandler
                0x000000000800039c                UART5_IRQHandler
                0x000000000800039c                ADC3_IRQHandler
                0x000000000800039c                TIM4_IRQHandler
                0x000000000800039c                CAN_RX1_IRQHandler
                0x000000000800039c                DMA2_Channel1_IRQHandler
                0x000000000800039c                I2C1_EV_IRQHandler
                0x000000000800039c                DMA1_Channel6_IRQHandler
                0x000000000800039c                UART4_IRQHandler
                0x000000000800039c                TIM3_IRQHandler
                0x000000000800039c                RCC_IRQHandler
                0x000000000800039c                TIM1_TRG_COM_IRQHandler
                0x000000000800039c                DMA1_Channel1_IRQHandler
                0x000000000800039c                Default_Handler
                0x000000000800039c                EXTI15_10_IRQHandler
                0x000000000800039c                TIM7_IRQHandler
                0x000000000800039c                TIM5_IRQHandler
                0x000000000800039c                EXTI9_5_IRQHandler
                0x000000000800039c                SPI2_IRQHandler
                0x000000000800039c                USB_LP_CAN_RX0_IRQHandler
                0x000000000800039c                MemManage_Handler
                0x000000000800039c                SVC_Handler
                0x000000000800039c                DMA1_Channel5_IRQHandler
                0x000000000800039c                EXTI4_IRQHandler
                0x000000000800039c                DMA1_Channel3_IRQHandler
                0x000000000800039c                FSMC_IRQHandler
                0x000000000800039c                TIM1_UP_IRQHandler
                0x000000000800039c                WWDG_IRQHandler
                0x000000000800039c                TIM2_IRQHandler
                0x000000000800039c                TIM1_BRK_IRQHandler
                0x000000000800039c                EXTI1_IRQHandler
                0x000000000800039c                RTCAlarm_IRQHandler
                0x000000000800039c                DMA2_Channel4_5_IRQHandler
                0x000000000800039c                USART2_IRQHandler
                0x000000000800039c                I2C2_ER_IRQHandler
                0x000000000800039c                DMA1_Channel2_IRQHandler
                0x000000000800039c                TIM8_BRK_IRQHandler
                0x000000000800039c                FLASH_IRQHandler
                0x000000000800039c                BusFault_Handler
                0x000000000800039c                USART1_IRQHandler
                0x000000000800039c                SPI3_IRQHandler
                0x000000000800039c                I2C1_ER_IRQHandler
                0x000000000800039c                DMA2_Channel3_IRQHandler
 .text.RCC_GetPLLOutputClock
                0x000000000800039e        0xe ./drivers/Src/stm32f103xx_rcc_driver.o
                0x000000000800039e                RCC_GetPLLOutputClock
 .text.RCC_GetPCLK1Value
                0x00000000080003ac       0xac ./drivers/Src/stm32f103xx_rcc_driver.o
                0x00000000080003ac                RCC_GetPCLK1Value
 .text.RCC_GetPCLK2Value
                0x0000000008000458       0xac ./drivers/Src/stm32f103xx_rcc_driver.o
                0x0000000008000458                RCC_GetPCLK2Value
 .text.USART_PeriClockControl
                0x0000000008000504       0xd4 ./drivers/Src/stm32f103xx_usart_driver.o
                0x0000000008000504                USART_PeriClockControl
 .text.USART_Init
                0x00000000080005d8       0xfe ./drivers/Src/stm32f103xx_usart_driver.o
                0x00000000080005d8                USART_Init
 .text.USART_SendData
                0x00000000080006d6       0x9c ./drivers/Src/stm32f103xx_usart_driver.o
                0x00000000080006d6                USART_SendData
 .text.USART_ReceiveDataIT
                0x0000000008000772       0x4c ./drivers/Src/stm32f103xx_usart_driver.o
                0x0000000008000772                USART_ReceiveDataIT
 *fill*         0x00000000080007be        0x2 
 .text.USART_IRQInterruptConfig
                0x00000000080007c0      0x108 ./drivers/Src/stm32f103xx_usart_driver.o
                0x00000000080007c0                USART_IRQInterruptConfig
 .text.USART_PeripheralControl
                0x00000000080008c8       0x36 ./drivers/Src/stm32f103xx_usart_driver.o
                0x00000000080008c8                USART_PeripheralControl
 .text.USART_GetFlagStatus
                0x00000000080008fe       0x26 ./drivers/Src/stm32f103xx_usart_driver.o
                0x00000000080008fe                USART_GetFlagStatus
 .text.USART_SetBaudRate
                0x0000000008000924       0x90 ./drivers/Src/stm32f103xx_usart_driver.o
                0x0000000008000924                USART_SetBaudRate
 .text.USART_IRQHandling
                0x00000000080009b4      0x35e ./drivers/Src/stm32f103xx_usart_driver.o
                0x00000000080009b4                USART_IRQHandling
 *fill*         0x0000000008000d12        0x2 
 .text.GPIO_PeriClockControl
                0x0000000008000d14       0xa0 ./drivers/Src/stm32f10xx_gpio_driver.o
                0x0000000008000d14                GPIO_PeriClockControl
 .text.GPIO_Init
                0x0000000008000db4      0x5c8 ./drivers/Src/stm32f10xx_gpio_driver.o
                0x0000000008000db4                GPIO_Init
 .text.__libc_init_array
                0x000000000800137c       0x48 c:/st/stm32cubeide_1.8.0/stm32cubeide/plugins/com.st.stm32cube.ide.mcu.externaltools.gnu-tools-for-stm32.9-2020-q2-update.win32_2.0.0.202105311346/tools/bin/../lib/gcc/arm-none-eabi/9.3.1/../../../../arm-none-eabi/lib/thumb/v7-m/nofp\libc_nano.a(lib_a-init.o)
                0x000000000800137c                __libc_init_array
 .text.memset   0x00000000080013c4       0x10 c:/st/stm32cubeide_1.8.0/stm32cubeide/plugins/com.st.stm32cube.ide.mcu.externaltools.gnu-tools-for-stm32.9-2020-q2-update.win32_2.0.0.202105311346/tools/bin/../lib/gcc/arm-none-eabi/9.3.1/../../../../arm-none-eabi/lib/thumb/v7-m/nofp\libc_nano.a(lib_a-memset.o)
                0x00000000080013c4                memset
 *(.glue_7)
 .glue_7        0x00000000080013d4        0x0 linker stubs
 *(.glue_7t)
 .glue_7t       0x00000000080013d4        0x0 linker stubs
 *(.eh_frame)
 .eh_frame      0x00000000080013d4        0x0 c:/st/stm32cubeide_1.8.0/stm32cubeide/plugins/com.st.stm32cube.ide.mcu.externaltools.gnu-tools-for-stm32.9-2020-q2-update.win32_2.0.0.202105311346/tools/bin/../lib/gcc/arm-none-eabi/9.3.1/thumb/v7-m/nofp/crtbegin.o
 *(.init)
 .init          0x00000000080013d4        0x4 c:/st/stm32cubeide_1.8.0/stm32cubeide/plugins/com.st.stm32cube.ide.mcu.externaltools.gnu-tools-for-stm32.9-2020-q2-update.win32_2.0.0.202105311346/tools/bin/../lib/gcc/arm-none-eabi/9.3.1/thumb/v7-m/nofp/crti.o
                0x00000000080013d4                _init
 .init          0x00000000080013d8        0x8 c:/st/stm32cubeide_1.8.0/stm32cubeide/plugins/com.st.stm32cube.ide.mcu.externaltools.gnu-tools-for-stm32.9-2020-q2-update.win32_2.0.0.202105311346/tools/bin/../lib/gcc/arm-none-eabi/9.3.1/thumb/v7-m/nofp/crtn.o
 *(.fini)
 .fini          0x00000000080013e0        0x4 c:/st/stm32cubeide_1.8.0/stm32cubeide/plugins/com.st.stm32cube.ide.mcu.externaltools.gnu-tools-for-stm32.9-2020-q2-update.win32_2.0.0.202105311346/tools/bin/../lib/gcc/arm-none-eabi/9.3.1/thumb/v7-m/nofp/crti.o
                0x00000000080013e0                _fini
 .fini          0x00000000080013e4        0x8 c:/st/stm32cubeide_1.8.0/stm32cubeide/plugins/com.st.stm32cube.ide.mcu.externaltools.gnu-tools-for-stm32.9-2020-q2-update.win32_2.0.0.202105311346/tools/bin/../lib/gcc/arm-none-eabi/9.3.1/thumb/v7-m/nofp/crtn.o
                0x00000000080013ec                . = ALIGN (0x4)
                0x00000000080013ec                _etext = .

.vfp11_veneer   0x00000000080013ec        0x0
 .vfp11_veneer  0x00000000080013ec        0x0 linker stubs

.v4_bx          0x00000000080013ec        0x0
 .v4_bx         0x00000000080013ec        0x0 linker stubs

.iplt           0x00000000080013ec        0x0
 .iplt          0x00000000080013ec        0x0 c:/st/stm32cubeide_1.8.0/stm32cubeide/plugins/com.st.stm32cube.ide.mcu.externaltools.gnu-tools-for-stm32.9-2020-q2-update.win32_2.0.0.202105311346/tools/bin/../lib/gcc/arm-none-eabi/9.3.1/thumb/v7-m/nofp/crtbegin.o

.rodata         0x00000000080013ec       0x28
                0x00000000080013ec                . = ALIGN (0x4)
 *(.rodata)
 .rodata        0x00000000080013ec       0x28 ./Src/012usart_case.o
 *(.rodata*)
                0x0000000008001414                . = ALIGN (0x4)

.rel.dyn        0x0000000008001414        0x0
 .rel.iplt      0x0000000008001414        0x0 c:/st/stm32cubeide_1.8.0/stm32cubeide/plugins/com.st.stm32cube.ide.mcu.externaltools.gnu-tools-for-stm32.9-2020-q2-update.win32_2.0.0.202105311346/tools/bin/../lib/gcc/arm-none-eabi/9.3.1/thumb/v7-m/nofp/crtbegin.o

.ARM.extab      0x0000000008001414        0x0
                0x0000000008001414                . = ALIGN (0x4)
 *(.ARM.extab* .gnu.linkonce.armextab.*)
                0x0000000008001414                . = ALIGN (0x4)

.ARM            0x0000000008001414        0x0
                0x0000000008001414                . = ALIGN (0x4)
                0x0000000008001414                __exidx_start = .
 *(.ARM.exidx*)
                0x0000000008001414                __exidx_end = .
                0x0000000008001414                . = ALIGN (0x4)

.preinit_array  0x0000000008001414        0x0
                0x0000000008001414                . = ALIGN (0x4)
                0x0000000008001414                PROVIDE (__preinit_array_start = .)
 *(.preinit_array*)
                0x0000000008001414                PROVIDE (__preinit_array_end = .)
                0x0000000008001414                . = ALIGN (0x4)

.init_array     0x0000000008001414        0x4
                0x0000000008001414                . = ALIGN (0x4)
                0x0000000008001414                PROVIDE (__init_array_start = .)
 *(SORT_BY_NAME(.init_array.*))
 *(.init_array*)
 .init_array    0x0000000008001414        0x4 c:/st/stm32cubeide_1.8.0/stm32cubeide/plugins/com.st.stm32cube.ide.mcu.externaltools.gnu-tools-for-stm32.9-2020-q2-update.win32_2.0.0.202105311346/tools/bin/../lib/gcc/arm-none-eabi/9.3.1/thumb/v7-m/nofp/crtbegin.o
                0x0000000008001418                PROVIDE (__init_array_end = .)
                0x0000000008001418                . = ALIGN (0x4)

.fini_array     0x0000000008001418        0x4
                0x0000000008001418                . = ALIGN (0x4)
                [!provide]                        PROVIDE (__fini_array_start = .)
 *(SORT_BY_NAME(.fini_array.*))
 *(.fini_array*)
 .fini_array    0x0000000008001418        0x4 c:/st/stm32cubeide_1.8.0/stm32cubeide/plugins/com.st.stm32cube.ide.mcu.externaltools.gnu-tools-for-stm32.9-2020-q2-update.win32_2.0.0.202105311346/tools/bin/../lib/gcc/arm-none-eabi/9.3.1/thumb/v7-m/nofp/crtbegin.o
                [!provide]                        PROVIDE (__fini_array_end = .)
                0x000000000800141c                . = ALIGN (0x4)
                0x000000000800141c                _sidata = LOADADDR (.data)

.data           0x0000000020000000       0x24 load address 0x000000000800141c
                0x0000000020000000                . = ALIGN (0x4)
                0x0000000020000000                _sdata = .
 *(.data)
 *(.data*)
 .data.msg      0x0000000020000000        0xc ./Src/012usart_case.o
                0x0000000020000000                msg
 .data.AHB_PreScaler
                0x000000002000000c       0x10 ./drivers/Src/stm32f103xx_rcc_driver.o
                0x000000002000000c                AHB_PreScaler
 .data.APB1_PreScaler
                0x000000002000001c        0x4 ./drivers/Src/stm32f103xx_rcc_driver.o
                0x000000002000001c                APB1_PreScaler
 .data.APB2_PreScaler
                0x0000000020000020        0x4 ./drivers/Src/stm32f103xx_rcc_driver.o
                0x0000000020000020                APB2_PreScaler
 *(.RamFunc)
 *(.RamFunc*)
                0x0000000020000024                . = ALIGN (0x4)
                0x0000000020000024                _edata = .

.igot.plt       0x0000000020000024        0x0 load address 0x0000000008001440
 .igot.plt      0x0000000020000024        0x0 c:/st/stm32cubeide_1.8.0/stm32cubeide/plugins/com.st.stm32cube.ide.mcu.externaltools.gnu-tools-for-stm32.9-2020-q2-update.win32_2.0.0.202105311346/tools/bin/../lib/gcc/arm-none-eabi/9.3.1/thumb/v7-m/nofp/crtbegin.o
                0x0000000020000024                . = ALIGN (0x4)

.bss            0x0000000020000024      0x444 load address 0x0000000008001440
                0x0000000020000024                _sbss = .
                0x0000000020000024                __bss_start__ = _sbss
 *(.bss)
 .bss           0x0000000020000024       0x1c c:/st/stm32cubeide_1.8.0/stm32cubeide/plugins/com.st.stm32cube.ide.mcu.externaltools.gnu-tools-for-stm32.9-2020-q2-update.win32_2.0.0.202105311346/tools/bin/../lib/gcc/arm-none-eabi/9.3.1/thumb/v7-m/nofp/crtbegin.o
 *(.bss*)
 .bss.rx_cmplt  0x0000000020000040        0x1 ./Src/012usart_case.o
                0x0000000020000040                rx_cmplt
 *(COMMON)
 *fill*         0x0000000020000041        0x3 
 COMMON         0x0000000020000044      0x424 ./Src/012usart_case.o
                0x0000000020000044                USART3Handle
                0x0000000020000068                rcv_buff
                0x0000000020000468                . = ALIGN (0x4)
                0x0000000020000468                _ebss = .
                0x0000000020000468                __bss_end__ = _ebss

._user_heap_stack
                0x0000000020000468      0x600 load address 0x0000000008001440
                0x0000000020000468                . = ALIGN (0x8)
                [!provide]                        PROVIDE (end = .)
                0x0000000020000468                PROVIDE (_end = .)
                0x0000000020000668                . = (. + _Min_Heap_Size)
 *fill*         0x0000000020000468      0x200 
                0x0000000020000a68                . = (. + _Min_Stack_Size)
 *fill*         0x0000000020000668      0x400 
                0x0000000020000a68                . = ALIGN (0x8)

/DISCARD/
 libc.a(*)
 libm.a(*)
 libgcc.a(*)

.ARM.attributes
                0x0000000000000000       0x29
 *(.ARM.attributes)
 .ARM.attributes
                0x0000000000000000       0x1d c:/st/stm32cubeide_1.8.0/stm32cubeide/plugins/com.st.stm32cube.ide.mcu.externaltools.gnu-tools-for-stm32.9-2020-q2-update.win32_2.0.0.202105311346/tools/bin/../lib/gcc/arm-none-eabi/9.3.1/thumb/v7-m/nofp/crti.o
 .ARM.attributes
                0x000000000000001d       0x2d c:/st/stm32cubeide_1.8.0/stm32cubeide/plugins/com.st.stm32cube.ide.mcu.externaltools.gnu-tools-for-stm32.9-2020-q2-update.win32_2.0.0.202105311346/tools/bin/../lib/gcc/arm-none-eabi/9.3.1/thumb/v7-m/nofp/crtbegin.o
 .ARM.attributes
                0x000000000000004a       0x2d ./Src/012usart_case.o
 .ARM.attributes
                0x0000000000000077       0x21 ./Startup/startup_stm32f103c8tx.o
 .ARM.attributes
                0x0000000000000098       0x2d ./drivers/Src/stm32f103xx_rcc_driver.o
 .ARM.attributes
                0x00000000000000c5       0x2d ./drivers/Src/stm32f103xx_usart_driver.o
 .ARM.attributes
                0x00000000000000f2       0x2d ./drivers/Src/stm32f10xx_gpio_driver.o
 .ARM.attributes
                0x000000000000011f       0x2d c:/st/stm32cubeide_1.8.0/stm32cubeide/plugins/com.st.stm32cube.ide.mcu.externaltools.gnu-tools-for-stm32.9-2020-q2-update.win32_2.0.0.202105311346/tools/bin/../lib/gcc/arm-none-eabi/9.3.1/../../../../arm-none-eabi/lib/thumb/v7-m/nofp\libc_nano.a(lib_a-init.o)
 .ARM.attributes
                0x000000000000014c       0x2d c:/st/stm32cubeide_1.8.0/stm32cubeide/plugins/com.st.stm32cube.ide.mcu.externaltools.gnu-tools-for-stm32.9-2020-q2-update.win32_2.0.0.202105311346/tools/bin/../lib/gcc/arm-none-eabi/9.3.1/../../../../arm-none-eabi/lib/thumb/v7-m/nofp\libc_nano.a(lib_a-memset.o)
 .ARM.attributes
                0x0000000000000179       0x17 c:/st/stm32cubeide_1.8.0/stm32cubeide/plugins/com.st.stm32cube.ide.mcu.externaltools.gnu-tools-for-stm32.9-2020-q2-update.win32_2.0.0.202105311346/tools/bin/../lib/gcc/arm-none-eabi/9.3.1/../../../../arm-none-eabi/lib/thumb/v7-m/nofp\libc_nano.a(lib_a-strlen.o)
 .ARM.attributes
                0x0000000000000190       0x1d c:/st/stm32cubeide_1.8.0/stm32cubeide/plugins/com.st.stm32cube.ide.mcu.externaltools.gnu-tools-for-stm32.9-2020-q2-update.win32_2.0.0.202105311346/tools/bin/../lib/gcc/arm-none-eabi/9.3.1/thumb/v7-m/nofp/crtn.o
OUTPUT(stm32f10xx_drivers.elf elf32-littlearm)
LOAD linker stubs
LOAD c:/st/stm32cubeide_1.8.0/stm32cubeide/plugins/com.st.stm32cube.ide.mcu.externaltools.gnu-tools-for-stm32.9-2020-q2-update.win32_2.0.0.202105311346/tools/bin/../lib/gcc/arm-none-eabi/9.3.1/../../../../arm-none-eabi/lib/thumb/v7-m/nofp\libc.a
LOAD c:/st/stm32cubeide_1.8.0/stm32cubeide/plugins/com.st.stm32cube.ide.mcu.externaltools.gnu-tools-for-stm32.9-2020-q2-update.win32_2.0.0.202105311346/tools/bin/../lib/gcc/arm-none-eabi/9.3.1/../../../../arm-none-eabi/lib/thumb/v7-m/nofp\libm.a
LOAD c:/st/stm32cubeide_1.8.0/stm32cubeide/plugins/com.st.stm32cube.ide.mcu.externaltools.gnu-tools-for-stm32.9-2020-q2-update.win32_2.0.0.202105311346/tools/bin/../lib/gcc/arm-none-eabi/9.3.1/thumb/v7-m/nofp\libgcc.a

.debug_info     0x0000000000000000     0x1d8c
 .debug_info    0x0000000000000000      0xd19 ./Src/012usart_case.o
 .debug_info    0x0000000000000d19       0x22 ./Startup/startup_stm32f103c8tx.o
 .debug_info    0x0000000000000d3b      0x2b2 ./drivers/Src/stm32f103xx_rcc_driver.o
 .debug_info    0x0000000000000fed      0x712 ./drivers/Src/stm32f103xx_usart_driver.o
 .debug_info    0x00000000000016ff      0x68d ./drivers/Src/stm32f10xx_gpio_driver.o

.debug_abbrev   0x0000000000000000      0x685
 .debug_abbrev  0x0000000000000000      0x27b ./Src/012usart_case.o
 .debug_abbrev  0x000000000000027b       0x12 ./Startup/startup_stm32f103c8tx.o
 .debug_abbrev  0x000000000000028d       0xd3 ./drivers/Src/stm32f103xx_rcc_driver.o
 .debug_abbrev  0x0000000000000360      0x1c5 ./drivers/Src/stm32f103xx_usart_driver.o
 .debug_abbrev  0x0000000000000525      0x160 ./drivers/Src/stm32f10xx_gpio_driver.o

.debug_aranges  0x0000000000000000      0x1a0
 .debug_aranges
                0x0000000000000000       0x50 ./Src/012usart_case.o
 .debug_aranges
                0x0000000000000050       0x28 ./Startup/startup_stm32f103c8tx.o
 .debug_aranges
                0x0000000000000078       0x30 ./drivers/Src/stm32f103xx_rcc_driver.o
 .debug_aranges
                0x00000000000000a8       0x88 ./drivers/Src/stm32f103xx_usart_driver.o
 .debug_aranges
                0x0000000000000130       0x70 ./drivers/Src/stm32f10xx_gpio_driver.o

.debug_ranges   0x0000000000000000      0x198
 .debug_ranges  0x0000000000000000       0x40 ./Src/012usart_case.o
 .debug_ranges  0x0000000000000040       0x20 ./Startup/startup_stm32f103c8tx.o
 .debug_ranges  0x0000000000000060       0x20 ./drivers/Src/stm32f103xx_rcc_driver.o
 .debug_ranges  0x0000000000000080       0x78 ./drivers/Src/stm32f103xx_usart_driver.o
 .debug_ranges  0x00000000000000f8       0xa0 ./drivers/Src/stm32f10xx_gpio_driver.o

.debug_macro    0x0000000000000000     0x2aca
 .debug_macro   0x0000000000000000      0x245 ./Src/012usart_case.o
 .debug_macro   0x0000000000000245      0xaa2 ./Src/012usart_case.o
 .debug_macro   0x0000000000000ce7       0x22 ./Src/012usart_case.o
 .debug_macro   0x0000000000000d09       0x4c ./Src/012usart_case.o
 .debug_macro   0x0000000000000d55       0x18 ./Src/012usart_case.o
 .debug_macro   0x0000000000000d6d       0x94 ./Src/012usart_case.o
 .debug_macro   0x0000000000000e01       0x3c ./Src/012usart_case.o
 .debug_macro   0x0000000000000e3d       0x34 ./Src/012usart_case.o
 .debug_macro   0x0000000000000e71      0x174 ./Src/012usart_case.o
 .debug_macro   0x0000000000000fe5       0x16 ./Src/012usart_case.o
 .debug_macro   0x0000000000000ffb       0x43 ./Src/012usart_case.o
 .debug_macro   0x000000000000103e       0x57 ./Src/012usart_case.o
 .debug_macro   0x0000000000001095       0x34 ./Src/012usart_case.o
 .debug_macro   0x00000000000010c9       0x10 ./Src/012usart_case.o
 .debug_macro   0x00000000000010d9       0x58 ./Src/012usart_case.o
 .debug_macro   0x0000000000001131       0x71 ./Src/012usart_case.o
 .debug_macro   0x00000000000011a2       0x1c ./Src/012usart_case.o
 .debug_macro   0x00000000000011be      0x12a ./Src/012usart_case.o
 .debug_macro   0x00000000000012e8      0x339 ./Src/012usart_case.o
 .debug_macro   0x0000000000001621       0x10 ./Src/012usart_case.o
 .debug_macro   0x0000000000001631       0x35 ./Src/012usart_case.o
 .debug_macro   0x0000000000001666       0x20 ./Src/012usart_case.o
 .debug_macro   0x0000000000001686       0x1c ./Src/012usart_case.o
 .debug_macro   0x00000000000016a2       0x10 ./Src/012usart_case.o
 .debug_macro   0x00000000000016b2       0x10 ./Src/012usart_case.o
 .debug_macro   0x00000000000016c2       0x6a ./Src/012usart_case.o
 .debug_macro   0x000000000000172c       0x1c ./Src/012usart_case.o
 .debug_macro   0x0000000000001748       0x52 ./Src/012usart_case.o
 .debug_macro   0x000000000000179a       0x22 ./Src/012usart_case.o
 .debug_macro   0x00000000000017bc       0x10 ./Src/012usart_case.o
 .debug_macro   0x00000000000017cc       0x40 ./Src/012usart_case.o
 .debug_macro   0x000000000000180c       0xd5 ./Src/012usart_case.o
 .debug_macro   0x00000000000018e1       0x1c ./Src/012usart_case.o
 .debug_macro   0x00000000000018fd       0x3d ./Src/012usart_case.o
 .debug_macro   0x000000000000193a       0x16 ./Src/012usart_case.o
 .debug_macro   0x0000000000001950      0x145 ./Src/012usart_case.o
 .debug_macro   0x0000000000001a95      0x103 ./Src/012usart_case.o
 .debug_macro   0x0000000000001b98      0x1df ./Src/012usart_case.o
 .debug_macro   0x0000000000001d77      0x6bf ./Src/012usart_case.o
 .debug_macro   0x0000000000002436       0xbe ./Src/012usart_case.o
 .debug_macro   0x00000000000024f4       0xc4 ./Src/012usart_case.o
 .debug_macro   0x00000000000025b8       0xca ./Src/012usart_case.o
 .debug_macro   0x0000000000002682      0x107 ./Src/012usart_case.o
 .debug_macro   0x0000000000002789       0xbc ./drivers/Src/stm32f103xx_rcc_driver.o
 .debug_macro   0x0000000000002845       0xc2 ./drivers/Src/stm32f103xx_usart_driver.o
 .debug_macro   0x0000000000002907      0x101 ./drivers/Src/stm32f103xx_usart_driver.o
 .debug_macro   0x0000000000002a08       0xc2 ./drivers/Src/stm32f10xx_gpio_driver.o

.debug_line     0x0000000000000000     0x2440
 .debug_line    0x0000000000000000      0x7cf ./Src/012usart_case.o
 .debug_line    0x00000000000007cf       0x84 ./Startup/startup_stm32f103c8tx.o
 .debug_line    0x0000000000000853      0x57a ./drivers/Src/stm32f103xx_rcc_driver.o
 .debug_line    0x0000000000000dcd      0xaeb ./drivers/Src/stm32f103xx_usart_driver.o
 .debug_line    0x00000000000018b8      0xb88 ./drivers/Src/stm32f10xx_gpio_driver.o

.debug_str      0x0000000000000000     0xb010
 .debug_str     0x0000000000000000     0xab76 ./Src/012usart_case.o
                                       0xadeb (size before relaxing)
 .debug_str     0x000000000000ab76       0x31 ./Startup/startup_stm32f103c8tx.o
                                         0x78 (size before relaxing)
 .debug_str     0x000000000000aba7      0x13f ./drivers/Src/stm32f103xx_rcc_driver.o
                                       0x6b7c (size before relaxing)
 .debug_str     0x000000000000ace6      0x1cf ./drivers/Src/stm32f103xx_usart_driver.o
                                       0x6d8a (size before relaxing)
 .debug_str     0x000000000000aeb5      0x15b ./drivers/Src/stm32f10xx_gpio_driver.o
                                       0x6d08 (size before relaxing)

.comment        0x0000000000000000       0x53
 .comment       0x0000000000000000       0x53 ./Src/012usart_case.o
                                         0x54 (size before relaxing)
 .comment       0x0000000000000053       0x54 ./drivers/Src/stm32f103xx_rcc_driver.o
 .comment       0x0000000000000053       0x54 ./drivers/Src/stm32f103xx_usart_driver.o
 .comment       0x0000000000000053       0x54 ./drivers/Src/stm32f10xx_gpio_driver.o

.debug_frame    0x0000000000000000      0x5bc
 .debug_frame   0x0000000000000000      0x100 ./Src/012usart_case.o
 .debug_frame   0x0000000000000100       0x78 ./drivers/Src/stm32f103xx_rcc_driver.o
 .debug_frame   0x0000000000000178      0x230 ./drivers/Src/stm32f103xx_usart_driver.o
 .debug_frame   0x00000000000003a8      0x1c8 ./drivers/Src/stm32f10xx_gpio_driver.o
 .debug_frame   0x0000000000000570       0x2c c:/st/stm32cubeide_1.8.0/stm32cubeide/plugins/com.st.stm32cube.ide.mcu.externaltools.gnu-tools-for-stm32.9-2020-q2-update.win32_2.0.0.202105311346/tools/bin/../lib/gcc/arm-none-eabi/9.3.1/../../../../arm-none-eabi/lib/thumb/v7-m/nofp\libc_nano.a(lib_a-init.o)
 .debug_frame   0x000000000000059c       0x20 c:/st/stm32cubeide_1.8.0/stm32cubeide/plugins/com.st.stm32cube.ide.mcu.externaltools.gnu-tools-for-stm32.9-2020-q2-update.win32_2.0.0.202105311346/tools/bin/../lib/gcc/arm-none-eabi/9.3.1/../../../../arm-none-eabi/lib/thumb/v7-m/nofp\libc_nano.a(lib_a-memset.o)
